Archive member included because of file (symbol)

.\CortexM3\ARM_GCC_493\Debug\Hello Word.a(cyfitter_cfg.o)
                              .\CortexM3\ARM_GCC_493\Debug\Cm3Start.o (cyfitter_cfg)
.\CortexM3\ARM_GCC_493\Debug\Hello Word.a(UART_1.o)
                              .\CortexM3\ARM_GCC_493\Debug\main.o (UART_1_Start)
.\CortexM3\ARM_GCC_493\Debug\Hello Word.a(UART_1_IntClock.o)
                              .\CortexM3\ARM_GCC_493\Debug\Hello Word.a(UART_1.o) (UART_1_IntClock_Start)
.\CortexM3\ARM_GCC_493\Debug\Hello Word.a(CyLib.o)
                              .\CortexM3\ARM_GCC_493\Debug\Cm3Start.o (CyHalt)
.\CortexM3\ARM_GCC_493\Debug\Hello Word.a(cyPm.o)
                              .\CortexM3\ARM_GCC_493\Debug\Hello Word.a(CyLib.o) (CyPmReadStatus)
.\CortexM3\ARM_GCC_493\Debug\Hello Word.a(CyBootAsmGnu.o)
                              .\CortexM3\ARM_GCC_493\Debug\Hello Word.a(cyfitter_cfg.o) (CyDelayCycles)
.\CortexM3\ARM_GCC_493\Debug\Hello Word.a(CyFlash.o)
                              .\CortexM3\ARM_GCC_493\Debug\Hello Word.a(cyPm.o) (CyFlash_SetWaitCycles)
.\CortexM3\ARM_GCC_493\Debug\Hello Word.a(CySpc.o)
                              .\CortexM3\ARM_GCC_493\Debug\Hello Word.a(CyFlash.o) (CySpcStart)
c:/program files (x86)/cypress/psoc creator/4.0/psoc creator/import/gnu/arm/4.9.3/bin/../lib/gcc/arm-none-eabi/4.9.3/armv7-m\libgcc.a(_arm_addsubdf3.o)
                              .\CortexM3\ARM_GCC_493\Debug\exercise3.o (__aeabi_f2d)
c:/program files (x86)/cypress/psoc creator/4.0/psoc creator/import/gnu/arm/4.9.3/bin/../lib/gcc/arm-none-eabi/4.9.3/armv7-m\libgcc.a(_arm_addsubsf3.o)
                              .\CortexM3\ARM_GCC_493\Debug\exercise3.o (__aeabi_fsub)
c:/program files (x86)/cypress/psoc creator/4.0/psoc creator/import/gnu/arm/4.9.3/bin/../lib/gcc/arm-none-eabi/4.9.3/armv7-m\libgcc.a(_arm_muldivsf3.o)
                              .\CortexM3\ARM_GCC_493\Debug\exercise5.o (__aeabi_fmul)
c:/program files (x86)/cypress/psoc creator/4.0/psoc creator/import/gnu/arm/4.9.3/bin/../lib/gcc/arm-none-eabi/4.9.3/armv7-m\libgcc.a(_arm_cmpsf2.o)
                              .\CortexM3\ARM_GCC_493\Debug\exercise5.o (__aeabi_fcmplt)
c:/program files (x86)/cypress/psoc creator/4.0/psoc creator/import/gnu/arm/4.9.3/bin/../lib/gcc/arm-none-eabi/4.9.3/../../../../arm-none-eabi/lib/armv7-m\libg.a(lib_a-errno.o)
                              .\CortexM3\ARM_GCC_493\Debug\Cm3Start.o (__errno)
c:/program files (x86)/cypress/psoc creator/4.0/psoc creator/import/gnu/arm/4.9.3/bin/../lib/gcc/arm-none-eabi/4.9.3/../../../../arm-none-eabi/lib/armv7-m\libg.a(lib_a-exit.o)
                              c:/program files (x86)/cypress/psoc creator/4.0/psoc creator/import/gnu/arm/4.9.3/bin/../lib/gcc/arm-none-eabi/4.9.3/../../../../arm-none-eabi/lib/armv7-m/crt0.o (exit)
c:/program files (x86)/cypress/psoc creator/4.0/psoc creator/import/gnu/arm/4.9.3/bin/../lib/gcc/arm-none-eabi/4.9.3/../../../../arm-none-eabi/lib/armv7-m\libg.a(lib_a-fgets.o)
                              .\CortexM3\ARM_GCC_493\Debug\exercise18.o (fgets)
c:/program files (x86)/cypress/psoc creator/4.0/psoc creator/import/gnu/arm/4.9.3/bin/../lib/gcc/arm-none-eabi/4.9.3/../../../../arm-none-eabi/lib/armv7-m\libg.a(lib_a-findfp.o)
                              c:/program files (x86)/cypress/psoc creator/4.0/psoc creator/import/gnu/arm/4.9.3/bin/../lib/gcc/arm-none-eabi/4.9.3/../../../../arm-none-eabi/lib/armv7-m\libg.a(lib_a-fgets.o) (__sinit)
c:/program files (x86)/cypress/psoc creator/4.0/psoc creator/import/gnu/arm/4.9.3/bin/../lib/gcc/arm-none-eabi/4.9.3/../../../../arm-none-eabi/lib/armv7-m\libg.a(lib_a-fwalk.o)
                              c:/program files (x86)/cypress/psoc creator/4.0/psoc creator/import/gnu/arm/4.9.3/bin/../lib/gcc/arm-none-eabi/4.9.3/../../../../arm-none-eabi/lib/armv7-m\libg.a(lib_a-findfp.o) (_fwalk)
c:/program files (x86)/cypress/psoc creator/4.0/psoc creator/import/gnu/arm/4.9.3/bin/../lib/gcc/arm-none-eabi/4.9.3/../../../../arm-none-eabi/lib/armv7-m\libg.a(lib_a-impure.o)
                              c:/program files (x86)/cypress/psoc creator/4.0/psoc creator/import/gnu/arm/4.9.3/bin/../lib/gcc/arm-none-eabi/4.9.3/../../../../arm-none-eabi/lib/armv7-m\libg.a(lib_a-exit.o) (_global_impure_ptr)
c:/program files (x86)/cypress/psoc creator/4.0/psoc creator/import/gnu/arm/4.9.3/bin/../lib/gcc/arm-none-eabi/4.9.3/../../../../arm-none-eabi/lib/armv7-m\libg.a(lib_a-init.o)
                              c:/program files (x86)/cypress/psoc creator/4.0/psoc creator/import/gnu/arm/4.9.3/bin/../lib/gcc/arm-none-eabi/4.9.3/../../../../arm-none-eabi/lib/armv7-m/crt0.o (__libc_init_array)
c:/program files (x86)/cypress/psoc creator/4.0/psoc creator/import/gnu/arm/4.9.3/bin/../lib/gcc/arm-none-eabi/4.9.3/../../../../arm-none-eabi/lib/armv7-m\libg.a(lib_a-mallocr.o)
[...]
Memory Configuration

Name             Origin             Length             Attributes
rom              0x00000000         0x00040000         xr
ram              0x1fff8000         0x00010000         xrw
*default*        0x00000000         0xffffffff

Linker script and memory map

LOAD c:/program files (x86)/cypress/psoc creator/4.0/psoc creator/import/gnu/arm/4.9.3/bin/../lib/gcc/arm-none-eabi/4.9.3/armv7-m/crti.o
LOAD c:/program files (x86)/cypress/psoc creator/4.0/psoc creator/import/gnu/arm/4.9.3/bin/../lib/gcc/arm-none-eabi/4.9.3/armv7-m/crtbegin.o
LOAD c:/program files (x86)/cypress/psoc creator/4.0/psoc creator/import/gnu/arm/4.9.3/bin/../lib/gcc/arm-none-eabi/4.9.3/../../../../arm-none-eabi/lib/armv7-m/crt0.o
START GROUP
LOAD .\CortexM3\ARM_GCC_493\Debug\main.o
LOAD .\CortexM3\ARM_GCC_493\Debug\exercise1.o
LOAD .\CortexM3\ARM_GCC_493\Debug\exercise2.o
LOAD .\CortexM3\ARM_GCC_493\Debug\exercise3.o
LOAD .\CortexM3\ARM_GCC_493\Debug\exercise4.o
LOAD .\CortexM3\ARM_GCC_493\Debug\exercise5.o
LOAD .\CortexM3\ARM_GCC_493\Debug\exercise6.o
LOAD .\CortexM3\ARM_GCC_493\Debug\exercise7.o
LOAD .\CortexM3\ARM_GCC_493\Debug\exercise8.o
LOAD .\CortexM3\ARM_GCC_493\Debug\exercise9.o
LOAD .\CortexM3\ARM_GCC_493\Debug\exercise10.o
LOAD .\CortexM3\ARM_GCC_493\Debug\exercise11.o
LOAD .\CortexM3\ARM_GCC_493\Debug\exercise12.o
LOAD .\CortexM3\ARM_GCC_493\Debug\exercise13.o
LOAD .\CortexM3\ARM_GCC_493\Debug\exercise14.o
LOAD .\CortexM3\ARM_GCC_493\Debug\exercise15.o
LOAD .\CortexM3\ARM_GCC_493\Debug\exercise16.o
LOAD .\CortexM3\ARM_GCC_493\Debug\exercise17.o
LOAD .\CortexM3\ARM_GCC_493\Debug\exercise18.o
LOAD .\CortexM3\ARM_GCC_493\Debug\exercise19.o
LOAD .\CortexM3\ARM_GCC_493\Debug\exercise20.o
LOAD .\CortexM3\ARM_GCC_493\Debug\exercise21.o
LOAD .\CortexM3\ARM_GCC_493\Debug\common_functions.o
LOAD .\CortexM3\ARM_GCC_493\Debug\cymetadata.o
LOAD .\CortexM3\ARM_GCC_493\Debug\Cm3Start.o
LOAD .\CortexM3\ARM_GCC_493\Debug\Hello Word.a
LOAD C:\Program Files (x86)\Cypress\PSoC Creator\4.0\PSoC Creator\psoc\content\cycomponentlibrary\CyComponentLibrary.cylib\CortexM3\ARM_GCC_493\Debug\CyComponentLibrary.a
END GROUP
START GROUP
LOAD c:/program files (x86)/cypress/psoc creator/4.0/psoc creator/import/gnu/arm/4.9.3/bin/../lib/gcc/arm-none-eabi/4.9.3/armv7-m\libgcc.a
LOAD c:/program files (x86)/cypress/psoc creator/4.0/psoc creator/import/gnu/arm/4.9.3/bin/../lib/gcc/arm-none-eabi/4.9.3/../../../../arm-none-eabi/lib/armv7-m\libg.a
LOAD c:/program files (x86)/cypress/psoc creator/4.0/psoc creator/import/gnu/arm/4.9.3/bin/../lib/gcc/arm-none-eabi/4.9.3/../../../../arm-none-eabi/lib/armv7-m\libc.a
END GROUP
LOAD c:/program files (x86)/cypress/psoc creator/4.0/psoc creator/import/gnu/arm/4.9.3/bin/../lib/gcc/arm-none-eabi/4.9.3/armv7-m/crtend.o
LOAD c:/program files (x86)/cypress/psoc creator/4.0/psoc creator/import/gnu/arm/4.9.3/bin/../lib/gcc/arm-none-eabi/4.9.3/armv7-m/crtn.o
START GROUP
LOAD c:/program files (x86)/cypress/psoc creator/4.0/psoc creator/import/gnu/arm/4.9.3/bin/../lib/gcc/arm-none-eabi/4.9.3/armv7-m\libgcc.a
LOAD c:/program files (x86)/cypress/psoc creator/4.0/psoc creator/import/gnu/arm/4.9.3/bin/../lib/gcc/arm-none-eabi/4.9.3/../../../../arm-none-eabi/lib/armv7-m\libc.a
LOAD c:/program files (x86)/cypress/psoc creator/4.0/psoc creator/import/gnu/arm/4.9.3/bin/../lib/gcc/arm-none-eabi/4.9.3/../../../../arm-none-eabi/lib/armv7-m\libnosys.a
END GROUP
                0x00000000                CY_APPL_ORIGIN = 0x0
                0x00000100                CY_FLASH_ROW_SIZE = 0x100
                0x00000020                CY_ECC_ROW_SIZE = 0x20
                0x00000000                CY_EE_IN_BTLDR = 0x0
                0x00000000                CY_APPL_LOADABLE = 0x0
                0x00000800                CY_EE_SIZE = 0x800
                0x00000001                CY_APPL_NUM = 0x1
                0x00000001                CY_APPL_MAX = 0x1
                0x00000040                CY_METADATA_SIZE = 0x40
                0x00000000                CY_APPL_LOADABLE = 0x0
                0x00000000                CY_CHECKSUM_EXCLUDE_SIZE = ALIGN (0x0, CY_FLASH_ROW_SIZE)
                0x1fff8b18                PROVIDE (__cy_heap_start, _end)
                0x00000001                PROVIDE (__cy_region_num, ((__cy_regions_end - __cy_regions) / 0x10))
                0x20008000                PROVIDE (__cy_stack, (ORIGIN (ram) + 0x10000))
                0x20007800                PROVIDE (__cy_heap_end, (__cy_stack - 0x800))

.cybootloader   0x00000000        0x0
 *(.cybootloader)
                0x00000000                appl1_start = CY_APPL_ORIGIN?CY_APPL_ORIGIN:ALIGN (CY_FLASH_ROW_SIZE)
                0x0001ff00                appl2_start = (appl1_start + ALIGN ((((0x40000 - appl1_start) - (0x2 * CY_FLASH_ROW_SIZE)) / 0x2), CY_FLASH_ROW_SIZE))
                0x00000000                appl_start = (CY_APPL_NUM == 0x1)?appl1_start:appl2_start
                0x00000000                ecc_offset = ((appl_start / CY_FLASH_ROW_SIZE) * CY_ECC_ROW_SIZE)
                0x00000000                ee_offset = (CY_APPL_LOADABLE && ! (CY_EE_IN_BTLDR))?((CY_EE_SIZE / CY_APPL_MAX) * (CY_APPL_NUM - 0x1)):0x0
                0x00000800                ee_size = (CY_APPL_LOADABLE && ! (CY_EE_IN_BTLDR))?(CY_EE_SIZE / CY_APPL_MAX):CY_EE_SIZE
                0x00000000                PROVIDE (CY_ECC_OFFSET, ecc_offset)

.text           0x00000000     0xc290
 CREATE_OBJECT_SYMBOLS
                0x00000000                PROVIDE (__cy_interrupt_vector, RomVectors)
 *(.romvectors)
 .romvectors    0x00000000       0x10 .\CortexM3\ARM_GCC_493\Debug\Cm3Start.o
                0x00000000                RomVectors
                0x00000001                ASSERT ((. != __cy_interrupt_vector), No interrupt vector)
                0x00000001                ASSERT (CY_APPL_ORIGIN?(SIZEOF (.cybootloader) <= CY_APPL_ORIGIN):0x1, Wrong image location)
                0x00000010                PROVIDE (__cy_reset, Reset)
 *(.text.Reset)
 .text.Reset    0x00000010       0x18 .\CortexM3\ARM_GCC_493\Debug\Cm3Start.o
                0x00000010                Reset
                0x00000001                ASSERT ((. != __cy_reset), No reset code)
 *(.dma_init)
                0x00000001                ASSERT ((((appl_start + .) <= 0x10000) || 0x1), DMA Init must be within the first 64k of flash)
 *(.text .text.* .gnu.linkonce.t.*)
 .text          0x00000028       0x5c c:/program files (x86)/cypress/psoc creator/4.0/psoc creator/import/gnu/arm/4.9.3/bin/../lib/gcc/arm-none-eabi/4.9.3/armv7-m/crtbegin.o
 .text.main     0x00000084       0xcc .\CortexM3\ARM_GCC_493\Debug\main.o
                0x00000084                main
 .text._write   0x00000150       0x2c .\CortexM3\ARM_GCC_493\Debug\main.o
                0x00000150                _write
 .text._read    0x0000017c       0x38 .\CortexM3\ARM_GCC_493\Debug\main.o
                0x0000017c                _read
 .text.exercise1
                0x000001b4       0x80 .\CortexM3\ARM_GCC_493\Debug\exercise1.o
                0x000001b4                exercise1
 *fill*         0x00000234        0x4 
 .text.exercise2
                0x00000238       0xc0 .\CortexM3\ARM_GCC_493\Debug\exercise2.o
                0x00000238                exercise2
 .text.exercise3
                0x000002f8       0xa8 .\CortexM3\ARM_GCC_493\Debug\exercise3.o
                0x000002f8                exercise3
 .text.exercise4
                0x000003a0      0x144 .\CortexM3\ARM_GCC_493\Debug\exercise4.o
                0x000003a0                exercise4
 .text.exercise5
                0x000004e4       0xc4 .\CortexM3\ARM_GCC_493\Debug\exercise5.o
                0x000004e4                exercise5
 .text.exercise6
                0x000005a8       0xfc .\CortexM3\ARM_GCC_493\Debug\exercise6.o
                0x000005a8                exercise6
 .text.exercise7
                0x000006a4       0x98 .\CortexM3\ARM_GCC_493\Debug\exercise7.o
                0x000006a4                exercise7
 .text.exercise8
                0x0000073c       0x58 .\CortexM3\ARM_GCC_493\Debug\exercise8.o
                0x0000073c                exercise8
 .text.exercise9
                0x00000794       0x8c .\CortexM3\ARM_GCC_493\Debug\exercise9.o
                0x00000794                exercise9
 .text.exercise10
                0x00000820       0x94 .\CortexM3\ARM_GCC_493\Debug\exercise10.o
                0x00000820                exercise10
 .text.exercise11
                0x000008b4      0x148 .\CortexM3\ARM_GCC_493\Debug\exercise11.o
                0x000008b4                exercise11
 .text.calcRate
                0x000009fc       0x1c .\CortexM3\ARM_GCC_493\Debug\exercise12.o
                0x000009fc                calcRate
 .text.exercise12
                0x00000a18       0x78 .\CortexM3\ARM_GCC_493\Debug\exercise12.o
                0x00000a18                exercise12
 .text.hashtags
                0x00000a90       0x1c .\CortexM3\ARM_GCC_493\Debug\exercise13.o
                0x00000a90                hashtags
 .text.exercise13
                0x00000aac       0x50 .\CortexM3\ARM_GCC_493\Debug\exercise13.o
                0x00000aac                exercise13
 .text.getvalue
                0x00000afc       0x38 .\CortexM3\ARM_GCC_493\Debug\exercise14.o
                0x00000afc                getvalue
 .text.exercise14
                0x00000b34       0x40 .\CortexM3\ARM_GCC_493\Debug\exercise14.o
                0x00000b34                exercise14
 .text.compscale
                0x00000b74       0x38 .\CortexM3\ARM_GCC_493\Debug\exercise15.o
                0x00000b74                compscale
 .text.exercise15
                0x00000bac       0x70 .\CortexM3\ARM_GCC_493\Debug\exercise15.o
                0x00000bac                exercise15
 .text.average  0x00000c1c       0x34 .\CortexM3\ARM_GCC_493\Debug\exercise16.o
                0x00000c1c                average
 .text.exercise16
                0x00000c50      0x170 .\CortexM3\ARM_GCC_493\Debug\exercise16.o
                0x00000c50                exercise16
 .text.currencyExchange
                0x00000dc0       0x24 .\CortexM3\ARM_GCC_493\Debug\exercise17.o
                0x00000dc0                currencyExchange
 .text.exercise17
                0x00000de4       0xbc .\CortexM3\ARM_GCC_493\Debug\exercise17.o
                0x00000de4                exercise17
 .text.readName
                0x00000ea0       0x28 .\CortexM3\ARM_GCC_493\Debug\exercise18.o
                0x00000ea0                readName
 .text.exercise18
                0x00000ec8       0xd4 .\CortexM3\ARM_GCC_493\Debug\exercise18.o
                0x00000ec8                exercise18
 .text.ask      0x00000f9c       0x30 .\CortexM3\ARM_GCC_493\Debug\exercise19.o
                0x00000f9c                ask
 .text.exercise19
                0x00000fcc      0x110 .\CortexM3\ARM_GCC_493\Debug\exercise19.o
                0x00000fcc                exercise19
 .text.printMonth
                0x000010dc       0x14 .\CortexM3\ARM_GCC_493\Debug\exercise20.o
                0x000010dc                printMonth
 .text.exercise20
                0x000010f0      0x148 .\CortexM3\ARM_GCC_493\Debug\exercise20.o
                0x000010f0                exercise20
 .text.enterStudentName
                0x00001238       0x84 .\CortexM3\ARM_GCC_493\Debug\exercise21.o
                0x00001238                enterStudentName
 .text.enterStudentCredits
                0x000012bc       0x18 .\CortexM3\ARM_GCC_493\Debug\exercise21.o
                0x000012bc                enterStudentCredits
 .text.exercise21
                0x000012d4       0xc4 .\CortexM3\ARM_GCC_493\Debug\exercise21.o
                0x000012d4                exercise21
 .text.readInt  0x00001398       0x44 .\CortexM3\ARM_GCC_493\Debug\common_functions.o
                0x00001398                readInt
 .text.readFloat
                0x000013dc       0x18 .\CortexM3\ARM_GCC_493\Debug\common_functions.o
                0x000013dc                readFloat
 .text.IntDefaultHandler
                0x000013f4       0x10 .\CortexM3\ARM_GCC_493\Debug\Cm3Start.o
                0x000013f4                IntDefaultHandler
 .text._sbrk    0x00001404       0x30 .\CortexM3\ARM_GCC_493\Debug\Cm3Start.o
                0x00001404                _sbrk
 .text.Start_c  0x00001434       0x4c .\CortexM3\ARM_GCC_493\Debug\Cm3Start.o
                0x00001434                Start_c
 .text.initialize_psoc
                0x00001480       0x74 .\CortexM3\ARM_GCC_493\Debug\Cm3Start.o
                0x00001480                initialize_psoc
 .text.CyClockStartupError
                0x000014f4        0x4 .\CortexM3\ARM_GCC_493\Debug\Hello Word.a(cyfitter_cfg.o)
 .text.cfg_write_bytes32
                0x000014f8       0x34 .\CortexM3\ARM_GCC_493\Debug\Hello Word.a(cyfitter_cfg.o)
 .text.AnalogSetDefault
                0x0000152c       0x28 .\CortexM3\ARM_GCC_493\Debug\Hello Word.a(cyfitter_cfg.o)
 .text.CYMEMZERO
                0x00001554        0xc .\CortexM3\ARM_GCC_493\Debug\Hello Word.a(cyfitter_cfg.o)
 .text.ClockSetup
                0x00001560       0xb4 .\CortexM3\ARM_GCC_493\Debug\Hello Word.a(cyfitter_cfg.o)
 .text.CYCONFIGCPY
                0x00001614        0x8 .\CortexM3\ARM_GCC_493\Debug\Hello Word.a(cyfitter_cfg.o)
 .text.cyfitter_cfg
                0x0000161c       0xfc .\CortexM3\ARM_GCC_493\Debug\Hello Word.a(cyfitter_cfg.o)
                0x0000161c                cyfitter_cfg
 .text.UART_1_Init
                0x00001718       0x24 .\CortexM3\ARM_GCC_493\Debug\Hello Word.a(UART_1.o)
                0x00001718                UART_1_Init
 .text.UART_1_Enable
                0x0000173c       0x38 .\CortexM3\ARM_GCC_493\Debug\Hello Word.a(UART_1.o)
                0x0000173c                UART_1_Enable
 .text.UART_1_Start
                0x00001774       0x1c .\CortexM3\ARM_GCC_493\Debug\Hello Word.a(UART_1.o)
                0x00001774                UART_1_Start
 .text.UART_1_GetChar
                0x00001790       0x2c .\CortexM3\ARM_GCC_493\Debug\Hello Word.a(UART_1.o)
                0x00001790                UART_1_GetChar
 .text.UART_1_PutChar
                0x000017bc       0x18 .\CortexM3\ARM_GCC_493\Debug\Hello Word.a(UART_1.o)
                0x000017bc                UART_1_PutChar
 .text.UART_1_IntClock_Start
                0x000017d4       0x1c .\CortexM3\ARM_GCC_493\Debug\Hello Word.a(UART_1_IntClock.o)
                0x000017d4                UART_1_IntClock_Start
 .text          0x000017f0       0x20 .\CortexM3\ARM_GCC_493\Debug\Hello Word.a(CyBootAsmGnu.o)
                0x000017f0                CyDelayCycles
                0x00001800                CyEnterCriticalSection
                0x00001808                CyExitCriticalSection
 .text          0x00001810      0x370 c:/program files (x86)/cypress/psoc creator/4.0/psoc creator/import/gnu/arm/4.9.3/bin/../lib/gcc/arm-none-eabi/4.9.3/armv7-m\libgcc.a(_arm_addsubdf3.o)
                0x00001810                __aeabi_drsub
                0x00001818                __aeabi_dsub
                0x00001818                __subdf3
                0x0000181c                __aeabi_dadd
                0x0000181c                __adddf3
                0x00001a94                __floatunsidf
                0x00001a94                __aeabi_ui2d
                0x00001ab4                __floatsidf
                0x00001ab4                __aeabi_i2d
                0x00001ad8                __aeabi_f2d
                0x00001ad8                __extendsfdf2
                0x00001b14                __floatundidf
                0x00001b14                __aeabi_ul2d
                0x00001b24                __floatdidf
                0x00001b24                __aeabi_l2d
 .text          0x00001b80      0x21c c:/program files (x86)/cypress/psoc creator/4.0/psoc creator/import/gnu/arm/4.9.3/bin/../lib/gcc/arm-none-eabi/4.9.3/armv7-m\libgcc.a(_arm_addsubsf3.o)
                0x00001b80                __aeabi_frsub
                0x00001b88                __subsf3
                0x00001b88                __aeabi_fsub
                0x00001b8c                __aeabi_fadd
                0x00001b8c                __addsf3
                0x00001cec                __aeabi_ui2f
                0x00001cec                __floatunsisf
                0x00001cf4                __aeabi_i2f
                0x00001cf4                __floatsisf
                0x00001d10                __aeabi_ul2f
                0x00001d10                __floatundisf
                0x00001d20                __aeabi_l2f
                0x00001d20                __floatdisf
 .text          0x00001d9c      0x2a0 c:/program files (x86)/cypress/psoc creator/4.0/psoc creator/import/gnu/arm/4.9.3/bin/../lib/gcc/arm-none-eabi/4.9.3/armv7-m\libgcc.a(_arm_muldivsf3.o)
                0x00001d9c                __mulsf3
                0x00001d9c                __aeabi_fmul
                0x00001f04                __aeabi_fdiv
                0x00001f04                __divsf3
 .text          0x0000203c       0xec c:/program files (x86)/cypress/psoc creator/4.0/psoc creator/import/gnu/arm/4.9.3/bin/../lib/gcc/arm-none-eabi/4.9.3/armv7-m\libgcc.a(_arm_cmpsf2.o)
                0x0000203c                __gesf2
                0x0000203c                __gtsf2
                0x00002044                __lesf2
                0x00002044                __ltsf2
                0x0000204c                __nesf2
                0x0000204c                __eqsf2
                0x0000204c                __cmpsf2
                0x000020ac                __aeabi_cfrcmple
                0x000020b4                __aeabi_cfcmpeq
                0x000020b4                __aeabi_cfcmple
                0x000020c4                __aeabi_fcmpeq
                0x000020d8                __aeabi_fcmplt
                0x000020ec                __aeabi_fcmple
                0x00002100                __aeabi_fcmpge
                0x00002114                __aeabi_fcmpgt
 .text.__errno  0x00002128        0xc c:/program files (x86)/cypress/psoc creator/4.0/psoc creator/import/gnu/arm/4.9.3/bin/../lib/gcc/arm-none-eabi/4.9.3/../../../../arm-none-eabi/lib/armv7-m\libg.a(lib_a-errno.o)
                0x00002128                __errno
 .text._fgets_r
                0x00002134       0xa4 c:/program files (x86)/cypress/psoc creator/4.0/psoc creator/import/gnu/arm/4.9.3/bin/../lib/gcc/arm-none-eabi/4.9.3/../../../../arm-none-eabi/lib/armv7-m\libg.a(lib_a-fgets.o)
                0x00002134                _fgets_r
 .text.fgets    0x000021d8       0x18 c:/program files (x86)/cypress/psoc creator/4.0/psoc creator/import/gnu/arm/4.9.3/bin/../lib/gcc/arm-none-eabi/4.9.3/../../../../arm-none-eabi/lib/armv7-m\libg.a(lib_a-fgets.o)
                0x000021d8                fgets
 .text._cleanup_r
                0x000021f0        0xc c:/program files (x86)/cypress/psoc creator/4.0/psoc creator/import/gnu/arm/4.9.3/bin/../lib/gcc/arm-none-eabi/4.9.3/../../../../arm-none-eabi/lib/armv7-m\libg.a(lib_a-findfp.o)
                0x000021f0                _cleanup_r
 .text.__sinit.part.1
                0x000021fc       0xf0 c:/program files (x86)/cypress/psoc creator/4.0/psoc creator/import/gnu/arm/4.9.3/bin/../lib/gcc/arm-none-eabi/4.9.3/../../../../arm-none-eabi/lib/armv7-m\libg.a(lib_a-findfp.o)
 .text.__sinit  0x000022ec        0xc c:/program files (x86)/cypress/psoc creator/4.0/psoc creator/import/gnu/arm/4.9.3/bin/../lib/gcc/arm-none-eabi/4.9.3/../../../../arm-none-eabi/lib/armv7-m\libg.a(lib_a-findfp.o)
                0x000022ec                __sinit
 .text.__sfp_lock_acquire
                0x000022f8        0x4 c:/program files (x86)/cypress/psoc creator/4.0/psoc creator/import/gnu/arm/4.9.3/bin/../lib/gcc/arm-none-eabi/4.9.3/../../../../arm-none-eabi/lib/armv7-m\libg.a(lib_a-findfp.o)
                0x000022f8                __sfp_lock_acquire
 .text.__sfp_lock_release
                0x000022fc        0x4 c:/program files (x86)/cypress/psoc creator/4.0/psoc creator/import/gnu/arm/4.9.3/bin/../lib/gcc/arm-none-eabi/4.9.3/../../../../arm-none-eabi/lib/armv7-m\libg.a(lib_a-findfp.o)
                0x000022fc                __sfp_lock_release
 .text._fwalk   0x00002300       0x48 c:/program files (x86)/cypress/psoc creator/4.0/psoc creator/import/gnu/arm/4.9.3/bin/../lib/gcc/arm-none-eabi/4.9.3/../../../../arm-none-eabi/lib/armv7-m\libg.a(lib_a-fwalk.o)
                0x00002300                _fwalk
 .text._fwalk_reent
                0x00002348       0x50 c:/program files (x86)/cypress/psoc creator/4.0/psoc creator/import/gnu/arm/4.9.3/bin/../lib/gcc/arm-none-eabi/4.9.3/../../../../arm-none-eabi/lib/armv7-m\libg.a(lib_a-fwalk.o)
                0x00002348                _fwalk_reent
 .text.__libc_init_array
                0x00002398       0x50 c:/program files (x86)/cypress/psoc creator/4.0/psoc creator/import/gnu/arm/4.9.3/bin/../lib/gcc/arm-none-eabi/4.9.3/../../../../arm-none-eabi/lib/armv7-m\libg.a(lib_a-init.o)
                0x00002398                __libc_init_array
 .text._malloc_r
                0x000023e8      0x50c c:/program files (x86)/cypress/psoc creator/4.0/psoc creator/import/gnu/arm/4.9.3/bin/../lib/gcc/arm-none-eabi/4.9.3/../../../../arm-none-eabi/lib/armv7-m\libg.a(lib_a-mallocr.o)
                0x000023e8                _malloc_r
 .text.memchr   0x000028f4       0x94 c:/program files (x86)/cypress/psoc creator/4.0/psoc creator/import/gnu/arm/4.9.3/bin/../lib/gcc/arm-none-eabi/4.9.3/../../../../arm-none-eabi/lib/armv7-m\libg.a(lib_a-memchr.o)
                0x000028f4                memchr
 .text          0x00002988       0xec c:/program files (x86)/cypress/psoc creator/4.0/psoc creator/import/gnu/arm/4.9.3/bin/../lib/gcc/arm-none-eabi/4.9.3/../../../../arm-none-eabi/lib/armv7-m\libg.a(lib_a-memcpy.o)
                0x00002988                memcpy
 .text.memset   0x00002a74       0x9c c:/program files (x86)/cypress/psoc creator/4.0/psoc creator/import/gnu/arm/4.9.3/bin/../lib/gcc/arm-none-eabi/4.9.3/../../../../arm-none-eabi/lib/armv7-m\libg.a(lib_a-memset.o)
                0x00002a74                memset
 .text.__malloc_lock
                0x00002b10        0x4 c:/program files (x86)/cypress/psoc creator/4.0/psoc creator/import/gnu/arm/4.9.3/bin/../lib/gcc/arm-none-eabi/4.9.3/../../../../arm-none-eabi/lib/armv7-m\libg.a(lib_a-mlock.o)
                0x00002b10                __malloc_lock
 .text.__malloc_unlock
                0x00002b14        0x4 c:/program files (x86)/cypress/psoc creator/4.0/psoc creator/import/gnu/arm/4.9.3/bin/../lib/gcc/arm-none-eabi/4.9.3/../../../../arm-none-eabi/lib/armv7-m\libg.a(lib_a-mlock.o)
                0x00002b14                __malloc_unlock
 .text.printf   0x00002b18       0x28 c:/program files (x86)/cypress/psoc creator/4.0/psoc creator/import/gnu/arm/4.9.3/bin/../lib/gcc/arm-none-eabi/4.9.3/../../../../arm-none-eabi/lib/armv7-m\libg.a(lib_a-printf.o)
                0x00002b18                printf
 .text.putchar  0x00002b40       0x10 c:/program files (x86)/cypress/psoc creator/4.0/psoc creator/import/gnu/arm/4.9.3/bin/../lib/gcc/arm-none-eabi/4.9.3/../../../../arm-none-eabi/lib/armv7-m\libg.a(lib_a-putchar.o)
                0x00002b40                putchar
 .text._puts_r  0x00002b50       0x60 c:/program files (x86)/cypress/psoc creator/4.0/psoc creator/import/gnu/arm/4.9.3/bin/../lib/gcc/arm-none-eabi/4.9.3/../../../../arm-none-eabi/lib/armv7-m\libg.a(lib_a-puts.o)
                0x00002b50                _puts_r
 .text.puts     0x00002bb0       0x10 c:/program files (x86)/cypress/psoc creator/4.0/psoc creator/import/gnu/arm/4.9.3/bin/../lib/gcc/arm-none-eabi/4.9.3/../../../../arm-none-eabi/lib/armv7-m\libg.a(lib_a-puts.o)
                0x00002bb0                puts
 .text.srand    0x00002bc0       0x14 c:/program files (x86)/cypress/psoc creator/4.0/psoc creator/import/gnu/arm/4.9.3/bin/../lib/gcc/arm-none-eabi/4.9.3/../../../../arm-none-eabi/lib/armv7-m\libg.a(lib_a-rand.o)
                0x00002bc0                srand
 .text.rand     0x00002bd4       0x40 c:/program files (x86)/cypress/psoc creator/4.0/psoc creator/import/gnu/arm/4.9.3/bin/../lib/gcc/arm-none-eabi/4.9.3/../../../../arm-none-eabi/lib/armv7-m\libg.a(lib_a-rand.o)
                0x00002bd4                rand
 .text.lflush   0x00002c14       0x14 c:/program files (x86)/cypress/psoc creator/4.0/psoc creator/import/gnu/arm/4.9.3/bin/../lib/gcc/arm-none-eabi/4.9.3/../../../../arm-none-eabi/lib/armv7-m\libg.a(lib_a-refill.o)
 .text.__srefill_r
                0x00002c28      0x110 c:/program files (x86)/cypress/psoc creator/4.0/psoc creator/import/gnu/arm/4.9.3/bin/../lib/gcc/arm-none-eabi/4.9.3/../../../../arm-none-eabi/lib/armv7-m\libg.a(lib_a-refill.o)
                0x00002c28                __srefill_r
 .text.__srget_r
                0x00002d38       0x34 c:/program files (x86)/cypress/psoc creator/4.0/psoc creator/import/gnu/arm/4.9.3/bin/../lib/gcc/arm-none-eabi/4.9.3/../../../../arm-none-eabi/lib/armv7-m\libg.a(lib_a-rget.o)
                0x00002d38                __srget_r
 .text._sbrk_r  0x00002d6c       0x24 c:/program files (x86)/cypress/psoc creator/4.0/psoc creator/import/gnu/arm/4.9.3/bin/../lib/gcc/arm-none-eabi/4.9.3/../../../../arm-none-eabi/lib/armv7-m\libg.a(lib_a-sbrkr.o)
                0x00002d6c                _sbrk_r
 .text.scanf    0x00002d90       0x28 c:/program files (x86)/cypress/psoc creator/4.0/psoc creator/import/gnu/arm/4.9.3/bin/../lib/gcc/arm-none-eabi/4.9.3/../../../../arm-none-eabi/lib/armv7-m\libg.a(lib_a-scanf.o)
                0x00002d90                scanf
 .text.__sread  0x00002db8       0x24 c:/program files (x86)/cypress/psoc creator/4.0/psoc creator/import/gnu/arm/4.9.3/bin/../lib/gcc/arm-none-eabi/4.9.3/../../../../arm-none-eabi/lib/armv7-m\libg.a(lib_a-stdio.o)
                0x00002db8                __sread
 .text.__swrite
                0x00002ddc       0x38 c:/program files (x86)/cypress/psoc creator/4.0/psoc creator/import/gnu/arm/4.9.3/bin/../lib/gcc/arm-none-eabi/4.9.3/../../../../arm-none-eabi/lib/armv7-m\libg.a(lib_a-stdio.o)
                0x00002ddc                __swrite
 .text.__sseek  0x00002e14       0x20 c:/program files (x86)/cypress/psoc creator/4.0/psoc creator/import/gnu/arm/4.9.3/bin/../lib/gcc/arm-none-eabi/4.9.3/../../../../arm-none-eabi/lib/armv7-m\libg.a(lib_a-stdio.o)
                0x00002e14                __sseek
 .text.__sclose
                0x00002e34        0x8 c:/program files (x86)/cypress/psoc creator/4.0/psoc creator/import/gnu/arm/4.9.3/bin/../lib/gcc/arm-none-eabi/4.9.3/../../../../arm-none-eabi/lib/armv7-m\libg.a(lib_a-stdio.o)
                0x00002e34                __sclose
 .text.strcat   0x00002e3c       0x40 c:/program files (x86)/cypress/psoc creator/4.0/psoc creator/import/gnu/arm/4.9.3/bin/../lib/gcc/arm-none-eabi/4.9.3/../../../../arm-none-eabi/lib/armv7-m\libg.a(lib_a-strcat.o)
                0x00002e3c                strcat
 .text.strcpy   0x00002e7c       0xbc c:/program files (x86)/cypress/psoc creator/4.0/psoc creator/import/gnu/arm/4.9.3/bin/../lib/gcc/arm-none-eabi/4.9.3/../../../../arm-none-eabi/lib/armv7-m\libg.a(lib_a-strcpy.o)
                0x00002e7c                strcpy
 .text.strlen   0x00002f38       0x5c c:/program files (x86)/cypress/psoc creator/4.0/psoc creator/import/gnu/arm/4.9.3/bin/../lib/gcc/arm-none-eabi/4.9.3/../../../../arm-none-eabi/lib/armv7-m\libg.a(lib_a-strlen.o)
                0x00002f38                strlen
 .text.time     0x00002f94       0x2c c:/program files (x86)/cypress/psoc creator/4.0/psoc creator/import/gnu/arm/4.9.3/bin/../lib/gcc/arm-none-eabi/4.9.3/../../../../arm-none-eabi/lib/armv7-m\libg.a(lib_a-time.o)
                0x00002f94                time
 .text._vfprintf_r
                0x00002fc0     0x1448 c:/program files (x86)/cypress/psoc creator/4.0/psoc creator/import/gnu/arm/4.9.3/bin/../lib/gcc/arm-none-eabi/4.9.3/../../../../arm-none-eabi/lib/armv7-m\libg.a(lib_a-vfprintf.o)
                0x00002fc0                _vfprintf_r
 .text.__sbprintf
                0x00004408       0x7c c:/program files (x86)/cypress/psoc creator/4.0/psoc creator/import/gnu/arm/4.9.3/bin/../lib/gcc/arm-none-eabi/4.9.3/../../../../arm-none-eabi/lib/armv7-m\libg.a(lib_a-vfprintf.o)
 .text.__svfscanf_r
                0x00004484      0xdf4 c:/program files (x86)/cypress/psoc creator/4.0/psoc creator/import/gnu/arm/4.9.3/bin/../lib/gcc/arm-none-eabi/4.9.3/../../../../arm-none-eabi/lib/armv7-m\libg.a(lib_a-vfscanf.o)
                0x00004484                __svfscanf_r
 .text._vfscanf_r
                0x00005278       0x28 c:/program files (x86)/cypress/psoc creator/4.0/psoc creator/import/gnu/arm/4.9.3/bin/../lib/gcc/arm-none-eabi/4.9.3/../../../../arm-none-eabi/lib/armv7-m\libg.a(lib_a-vfscanf.o)
                0x00005278                _vfscanf_r
 .text._write_r
                0x000052a0       0x28 c:/program files (x86)/cypress/psoc creator/4.0/psoc creator/import/gnu/arm/4.9.3/bin/../lib/gcc/arm-none-eabi/4.9.3/../../../../arm-none-eabi/lib/armv7-m\libg.a(lib_a-writer.o)
                0x000052a0                _write_r
 .text.__swsetup_r
                0x000052c8       0xc4 c:/program files (x86)/cypress/psoc creator/4.0/psoc creator/import/gnu/arm/4.9.3/bin/../lib/gcc/arm-none-eabi/4.9.3/../../../../arm-none-eabi/lib/armv7-m\libg.a(lib_a-wsetup.o)
                0x000052c8                __swsetup_r
 .text.startup.register_fini
                0x0000538c       0x14 c:/program files (x86)/cypress/psoc creator/4.0/psoc creator/import/gnu/arm/4.9.3/bin/../lib/gcc/arm-none-eabi/4.9.3/../../../../arm-none-eabi/lib/armv7-m\libg.a(lib_a-__call_atexit.o)
 .text.atexit   0x000053a0        0xc c:/program files (x86)/cypress/psoc creator/4.0/psoc creator/import/gnu/arm/4.9.3/bin/../lib/gcc/arm-none-eabi/4.9.3/../../../../arm-none-eabi/lib/armv7-m\libg.a(lib_a-atexit.o)
                0x000053a0                atexit
 .text._close_r
                0x000053ac       0x24 c:/program files (x86)/cypress/psoc creator/4.0/psoc creator/import/gnu/arm/4.9.3/bin/../lib/gcc/arm-none-eabi/4.9.3/../../../../arm-none-eabi/lib/armv7-m\libg.a(lib_a-closer.o)
                0x000053ac                _close_r
 .text.quorem   0x000053d0      0x130 c:/program files (x86)/cypress/psoc creator/4.0/psoc creator/import/gnu/arm/4.9.3/bin/../lib/gcc/arm-none-eabi/4.9.3/../../../../arm-none-eabi/lib/armv7-m\libg.a(lib_a-dtoa.o)
 .text._dtoa_r  0x00005500      0xea8 c:/program files (x86)/cypress/psoc creator/4.0/psoc creator/import/gnu/arm/4.9.3/bin/../lib/gcc/arm-none-eabi/4.9.3/../../../../arm-none-eabi/lib/armv7-m\libg.a(lib_a-dtoa.o)
                0x00005500                _dtoa_r
 .text._fclose_r
                0x000063a8       0x84 c:/program files (x86)/cypress/psoc creator/4.0/psoc creator/import/gnu/arm/4.9.3/bin/../lib/gcc/arm-none-eabi/4.9.3/../../../../arm-none-eabi/lib/armv7-m\libg.a(lib_a-fclose.o)
                0x000063a8                _fclose_r
 .text.__sflush_r
                0x0000642c      0x148 c:/program files (x86)/cypress/psoc creator/4.0/psoc creator/import/gnu/arm/4.9.3/bin/../lib/gcc/arm-none-eabi/4.9.3/../../../../arm-none-eabi/lib/armv7-m\libg.a(lib_a-fflush.o)
                0x0000642c                __sflush_r
 .text._fflush_r
                0x00006574       0x2c c:/program files (x86)/cypress/psoc creator/4.0/psoc creator/import/gnu/arm/4.9.3/bin/../lib/gcc/arm-none-eabi/4.9.3/../../../../arm-none-eabi/lib/armv7-m\libg.a(lib_a-fflush.o)
                0x00006574                _fflush_r
 .text.fflush   0x000065a0       0x24 c:/program files (x86)/cypress/psoc creator/4.0/psoc creator/import/gnu/arm/4.9.3/bin/../lib/gcc/arm-none-eabi/4.9.3/../../../../arm-none-eabi/lib/armv7-m\libg.a(lib_a-fflush.o)
                0x000065a0                fflush
 .text.__libc_fini_array
                0x000065c4       0x2c c:/program files (x86)/cypress/psoc creator/4.0/psoc creator/import/gnu/arm/4.9.3/bin/../lib/gcc/arm-none-eabi/4.9.3/../../../../arm-none-eabi/lib/armv7-m\libg.a(lib_a-fini.o)
                0x000065c4                __libc_fini_array
 .text._fread_r
                0x000065f0      0x194 c:/program files (x86)/cypress/psoc creator/4.0/psoc creator/import/gnu/arm/4.9.3/bin/../lib/gcc/arm-none-eabi/4.9.3/../../../../arm-none-eabi/lib/armv7-m\libg.a(lib_a-fread.o)
                0x000065f0                _fread_r
 .text._malloc_trim_r
                0x00006784       0x9c c:/program files (x86)/cypress/psoc creator/4.0/psoc creator/import/gnu/arm/4.9.3/bin/../lib/gcc/arm-none-eabi/4.9.3/../../../../arm-none-eabi/lib/armv7-m\libg.a(lib_a-freer.o)
                0x00006784                _malloc_trim_r
 .text._free_r  0x00006820      0x1b0 c:/program files (x86)/cypress/psoc creator/4.0/psoc creator/import/gnu/arm/4.9.3/bin/../lib/gcc/arm-none-eabi/4.9.3/../../../../arm-none-eabi/lib/armv7-m\libg.a(lib_a-freer.o)
                0x00006820                _free_r
 .text.__sfvwrite_r
                0x000069d0      0x320 c:/program files (x86)/cypress/psoc creator/4.0/psoc creator/import/gnu/arm/4.9.3/bin/../lib/gcc/arm-none-eabi/4.9.3/../../../../arm-none-eabi/lib/armv7-m\libg.a(lib_a-fvwrite.o)
                0x000069d0                __sfvwrite_r
 .text._gettimeofday_r
                0x00006cf0       0x28 c:/program files (x86)/cypress/psoc creator/4.0/psoc creator/import/gnu/arm/4.9.3/bin/../lib/gcc/arm-none-eabi/4.9.3/../../../../arm-none-eabi/lib/armv7-m\libg.a(lib_a-gettimeofdayr.o)
                0x00006cf0                _gettimeofday_r
 .text.iswspace
                0x00006d18       0x1c c:/program files (x86)/cypress/psoc creator/4.0/psoc creator/import/gnu/arm/4.9.3/bin/../lib/gcc/arm-none-eabi/4.9.3/../../../../arm-none-eabi/lib/armv7-m\libg.a(lib_a-iswspace.o)
                0x00006d18                iswspace
 .text.__locale_charset
                0x00006d34        0x8 c:/program files (x86)/cypress/psoc creator/4.0/psoc creator/import/gnu/arm/4.9.3/bin/../lib/gcc/arm-none-eabi/4.9.3/../../../../arm-none-eabi/lib/armv7-m\libg.a(lib_a-locale.o)
                0x00006d34                __locale_charset
 .text.__locale_mb_cur_max
                0x00006d3c        0xc c:/program files (x86)/cypress/psoc creator/4.0/psoc creator/import/gnu/arm/4.9.3/bin/../lib/gcc/arm-none-eabi/4.9.3/../../../../arm-none-eabi/lib/armv7-m\libg.a(lib_a-locale.o)
                0x00006d3c                __locale_mb_cur_max
 .text._localeconv_r
                0x00006d48        0x8 c:/program files (x86)/cypress/psoc creator/4.0/psoc creator/import/gnu/arm/4.9.3/bin/../lib/gcc/arm-none-eabi/4.9.3/../../../../arm-none-eabi/lib/armv7-m\libg.a(lib_a-locale.o)
                0x00006d48                _localeconv_r
 .text._lseek_r
                0x00006d50       0x28 c:/program files (x86)/cypress/psoc creator/4.0/psoc creator/import/gnu/arm/4.9.3/bin/../lib/gcc/arm-none-eabi/4.9.3/../../../../arm-none-eabi/lib/armv7-m\libg.a(lib_a-lseekr.o)
                0x00006d50                _lseek_r
 .text.__smakebuf_r
                0x00006d78       0xe0 c:/program files (x86)/cypress/psoc creator/4.0/psoc creator/import/gnu/arm/4.9.3/bin/../lib/gcc/arm-none-eabi/4.9.3/../../../../arm-none-eabi/lib/armv7-m\libg.a(lib_a-makebuf.o)
                0x00006d78                __smakebuf_r
 .text._mbrtowc_r
                0x00006e58       0x5c c:/program files (x86)/cypress/psoc creator/4.0/psoc creator/import/gnu/arm/4.9.3/bin/../lib/gcc/arm-none-eabi/4.9.3/../../../../arm-none-eabi/lib/armv7-m\libg.a(lib_a-mbrtowc.o)
                0x00006e58                _mbrtowc_r
 .text.__ascii_mbtowc
                0x00006eb4       0x2c c:/program files (x86)/cypress/psoc creator/4.0/psoc creator/import/gnu/arm/4.9.3/bin/../lib/gcc/arm-none-eabi/4.9.3/../../../../arm-none-eabi/lib/armv7-m\libg.a(lib_a-mbtowc_r.o)
                0x00006eb4                __ascii_mbtowc
 .text.memmove  0x00006ee0       0xc8 c:/program files (x86)/cypress/psoc creator/4.0/psoc creator/import/gnu/arm/4.9.3/bin/../lib/gcc/arm-none-eabi/4.9.3/../../../../arm-none-eabi/lib/armv7-m\libg.a(lib_a-memmove.o)
                0x00006ee0                memmove
 .text._Balloc  0x00006fa8       0x50 c:/program files (x86)/cypress/psoc creator/4.0/psoc creator/import/gnu/arm/4.9.3/bin/../lib/gcc/arm-none-eabi/4.9.3/../../../../arm-none-eabi/lib/armv7-m\libg.a(lib_a-mprec.o)
                0x00006fa8                _Balloc
 .text._Bfree   0x00006ff8       0x14 c:/program files (x86)/cypress/psoc creator/4.0/psoc creator/import/gnu/arm/4.9.3/bin/../lib/gcc/arm-none-eabi/4.9.3/../../../../arm-none-eabi/lib/armv7-m\libg.a(lib_a-mprec.o)
                0x00006ff8                _Bfree
 .text.__multadd
                0x0000700c       0x84 c:/program files (x86)/cypress/psoc creator/4.0/psoc creator/import/gnu/arm/4.9.3/bin/../lib/gcc/arm-none-eabi/4.9.3/../../../../arm-none-eabi/lib/armv7-m\libg.a(lib_a-mprec.o)
                0x0000700c                __multadd
 .text.__s2b    0x00007090       0x98 c:/program files (x86)/cypress/psoc creator/4.0/psoc creator/import/gnu/arm/4.9.3/bin/../lib/gcc/arm-none-eabi/4.9.3/../../../../arm-none-eabi/lib/armv7-m\libg.a(lib_a-mprec.o)
                0x00007090                __s2b
 .text.__hi0bits
                0x00007128       0x40 c:/program files (x86)/cypress/psoc creator/4.0/psoc creator/import/gnu/arm/4.9.3/bin/../lib/gcc/arm-none-eabi/4.9.3/../../../../arm-none-eabi/lib/armv7-m\libg.a(lib_a-mprec.o)
                0x00007128                __hi0bits
 .text.__lo0bits
                0x00007168       0x5c c:/program files (x86)/cypress/psoc creator/4.0/psoc creator/import/gnu/arm/4.9.3/bin/../lib/gcc/arm-none-eabi/4.9.3/../../../../arm-none-eabi/lib/armv7-m\libg.a(lib_a-mprec.o)
                0x00007168                __lo0bits
 .text.__i2b    0x000071c4       0x14 c:/program files (x86)/cypress/psoc creator/4.0/psoc creator/import/gnu/arm/4.9.3/bin/../lib/gcc/arm-none-eabi/4.9.3/../../../../arm-none-eabi/lib/armv7-m\libg.a(lib_a-mprec.o)
                0x000071c4                __i2b
 .text.__multiply
                0x000071d8      0x140 c:/program files (x86)/cypress/psoc creator/4.0/psoc creator/import/gnu/arm/4.9.3/bin/../lib/gcc/arm-none-eabi/4.9.3/../../../../arm-none-eabi/lib/armv7-m\libg.a(lib_a-mprec.o)
                0x000071d8                __multiply
 .text.__pow5mult
                0x00007318       0xa0 c:/program files (x86)/cypress/psoc creator/4.0/psoc creator/import/gnu/arm/4.9.3/bin/../lib/gcc/arm-none-eabi/4.9.3/../../../../arm-none-eabi/lib/armv7-m\libg.a(lib_a-mprec.o)
                0x00007318                __pow5mult
 .text.__lshift
                0x000073b8       0xb0 c:/program files (x86)/cypress/psoc creator/4.0/psoc creator/import/gnu/arm/4.9.3/bin/../lib/gcc/arm-none-eabi/4.9.3/../../../../arm-none-eabi/lib/armv7-m\libg.a(lib_a-mprec.o)
                0x000073b8                __lshift
 .text.__mcmp   0x00007468       0x48 c:/program files (x86)/cypress/psoc creator/4.0/psoc creator/import/gnu/arm/4.9.3/bin/../lib/gcc/arm-none-eabi/4.9.3/../../../../arm-none-eabi/lib/armv7-m\libg.a(lib_a-mprec.o)
                0x00007468                __mcmp
 .text.__mdiff  0x000074b0       0xe4 c:/program files (x86)/cypress/psoc creator/4.0/psoc creator/import/gnu/arm/4.9.3/bin/../lib/gcc/arm-none-eabi/4.9.3/../../../../arm-none-eabi/lib/armv7-m\libg.a(lib_a-mprec.o)
                0x000074b0                __mdiff
 .text.__ulp    0x00007594       0x44 c:/program files (x86)/cypress/psoc creator/4.0/psoc creator/import/gnu/arm/4.9.3/bin/../lib/gcc/arm-none-eabi/4.9.3/../../../../arm-none-eabi/lib/armv7-m\libg.a(lib_a-mprec.o)
                0x00007594                __ulp
 .text.__b2d    0x000075d8       0xd0 c:/program files (x86)/cypress/psoc creator/4.0/psoc creator/import/gnu/arm/4.9.3/bin/../lib/gcc/arm-none-eabi/4.9.3/../../../../arm-none-eabi/lib/armv7-m\libg.a(lib_a-mprec.o)
                0x000075d8                __b2d
 .text.__d2b    0x000076a8       0xa8 c:/program files (x86)/cypress/psoc creator/4.0/psoc creator/import/gnu/arm/4.9.3/bin/../lib/gcc/arm-none-eabi/4.9.3/../../../../arm-none-eabi/lib/armv7-m\libg.a(lib_a-mprec.o)
                0x000076a8                __d2b
 .text.__ratio  0x00007750       0x58 c:/program files (x86)/cypress/psoc creator/4.0/psoc creator/import/gnu/arm/4.9.3/bin/../lib/gcc/arm-none-eabi/4.9.3/../../../../arm-none-eabi/lib/armv7-m\libg.a(lib_a-mprec.o)
                0x00007750                __ratio
 .text.__copybits
                0x000077a8       0x48 c:/program files (x86)/cypress/psoc creator/4.0/psoc creator/import/gnu/arm/4.9.3/bin/../lib/gcc/arm-none-eabi/4.9.3/../../../../arm-none-eabi/lib/armv7-m\libg.a(lib_a-mprec.o)
                0x000077a8                __copybits
 .text.__any_on
                0x000077f0       0x5c c:/program files (x86)/cypress/psoc creator/4.0/psoc creator/import/gnu/arm/4.9.3/bin/../lib/gcc/arm-none-eabi/4.9.3/../../../../arm-none-eabi/lib/armv7-m\libg.a(lib_a-mprec.o)
                0x000077f0                __any_on
 .text._putc_r  0x0000784c       0x58 c:/program files (x86)/cypress/psoc creator/4.0/psoc creator/import/gnu/arm/4.9.3/bin/../lib/gcc/arm-none-eabi/4.9.3/../../../../arm-none-eabi/lib/armv7-m\libg.a(lib_a-putc.o)
                0x0000784c                _putc_r
 .text._read_r  0x000078a4       0x28 c:/program files (x86)/cypress/psoc creator/4.0/psoc creator/import/gnu/arm/4.9.3/bin/../lib/gcc/arm-none-eabi/4.9.3/../../../../arm-none-eabi/lib/armv7-m\libg.a(lib_a-readr.o)
                0x000078a4                _read_r
 .text._realloc_r
                0x000078cc      0x3e0 c:/program files (x86)/cypress/psoc creator/4.0/psoc creator/import/gnu/arm/4.9.3/bin/../lib/gcc/arm-none-eabi/4.9.3/../../../../arm-none-eabi/lib/armv7-m\libg.a(lib_a-reallocr.o)
                0x000078cc                _realloc_r
 .text.__fpclassifyd
                0x00007cac       0x58 c:/program files (x86)/cypress/psoc creator/4.0/psoc creator/import/gnu/arm/4.9.3/bin/../lib/gcc/arm-none-eabi/4.9.3/../../../../arm-none-eabi/lib/armv7-m\libg.a(lib_a-s_fpclassify.o)
                0x00007cac                __fpclassifyd
 .text.__sccl   0x00007d04       0x78 c:/program files (x86)/cypress/psoc creator/4.0/psoc creator/import/gnu/arm/4.9.3/bin/../lib/gcc/arm-none-eabi/4.9.3/../../../../arm-none-eabi/lib/armv7-m\libg.a(lib_a-sccl.o)
                0x00007d04                __sccl
 .text.nanf     0x00007d7c        0x8 c:/program files (x86)/cypress/psoc creator/4.0/psoc creator/import/gnu/arm/4.9.3/bin/../lib/gcc/arm-none-eabi/4.9.3/../../../../arm-none-eabi/lib/armv7-m\libg.a(lib_a-sf_nan.o)
                0x00007d7c                nanf
 .text.sprintf  0x00007d84       0x4c c:/program files (x86)/cypress/psoc creator/4.0/psoc creator/import/gnu/arm/4.9.3/bin/../lib/gcc/arm-none-eabi/4.9.3/../../../../arm-none-eabi/lib/armv7-m\libg.a(lib_a-sprintf.o)
                0x00007d84                sprintf
 .text.sulp     0x00007dd0       0x44 c:/program files (x86)/cypress/psoc creator/4.0/psoc creator/import/gnu/arm/4.9.3/bin/../lib/gcc/arm-none-eabi/4.9.3/../../../../arm-none-eabi/lib/armv7-m\libg.a(lib_a-strtod.o)
 *fill*         0x00007e14        0x4 
 .text._strtod_r
                0x00007e18      0xf30 c:/program files (x86)/cypress/psoc creator/4.0/psoc creator/import/gnu/arm/4.9.3/bin/../lib/gcc/arm-none-eabi/4.9.3/../../../../arm-none-eabi/lib/armv7-m\libg.a(lib_a-strtod.o)
                0x00007e18                _strtod_r
 .text._strtol_r
                0x00008d48      0x11c c:/program files (x86)/cypress/psoc creator/4.0/psoc creator/import/gnu/arm/4.9.3/bin/../lib/gcc/arm-none-eabi/4.9.3/../../../../arm-none-eabi/lib/armv7-m\libg.a(lib_a-strtol.o)
                0x00008d48                _strtol_r
 .text._strtoll_r
                0x00008e64      0x1cc c:/program files (x86)/cypress/psoc creator/4.0/psoc creator/import/gnu/arm/4.9.3/bin/../lib/gcc/arm-none-eabi/4.9.3/../../../../arm-none-eabi/lib/armv7-m\libg.a(lib_a-strtoll_r.o)
                0x00008e64                _strtoll_r
 .text._strtoul_r
                0x00009030      0x134 c:/program files (x86)/cypress/psoc creator/4.0/psoc creator/import/gnu/arm/4.9.3/bin/../lib/gcc/arm-none-eabi/4.9.3/../../../../arm-none-eabi/lib/armv7-m\libg.a(lib_a-strtoul.o)
                0x00009030                _strtoul_r
 .text._strtoull_r
                0x00009164      0x1e8 c:/program files (x86)/cypress/psoc creator/4.0/psoc creator/import/gnu/arm/4.9.3/bin/../lib/gcc/arm-none-eabi/4.9.3/../../../../arm-none-eabi/lib/armv7-m\libg.a(lib_a-strtoull_r.o)
                0x00009164                _strtoull_r
 .text._svfprintf_r
                0x0000934c     0x14f4 c:/program files (x86)/cypress/psoc creator/4.0/psoc creator/import/gnu/arm/4.9.3/bin/../lib/gcc/arm-none-eabi/4.9.3/../../../../arm-none-eabi/lib/armv7-m\libg.a(lib_a-svfprintf.o)
                0x0000934c                _svfprintf_r
 .text.__submore
                0x0000a840       0x7c c:/program files (x86)/cypress/psoc creator/4.0/psoc creator/import/gnu/arm/4.9.3/bin/../lib/gcc/arm-none-eabi/4.9.3/../../../../arm-none-eabi/lib/armv7-m\libg.a(lib_a-ungetc.o)
                0x0000a840                __submore
 .text._ungetc_r
                0x0000a8bc       0xd4 c:/program files (x86)/cypress/psoc creator/4.0/psoc creator/import/gnu/arm/4.9.3/bin/../lib/gcc/arm-none-eabi/4.9.3/../../../../arm-none-eabi/lib/armv7-m\libg.a(lib_a-ungetc.o)
                0x0000a8bc                _ungetc_r
 .text.__sprint_r.part.0
                0x0000a990       0x78 c:/program files (x86)/cypress/psoc creator/4.0/psoc creator/import/gnu/arm/4.9.3/bin/../lib/gcc/arm-none-eabi/4.9.3/../../../../arm-none-eabi/lib/armv7-m\libg.a(lib_a-vfiprintf.o)
 .text.__sprint_r
                0x0000aa08       0x18 c:/program files (x86)/cypress/psoc creator/4.0/psoc creator/import/gnu/arm/4.9.3/bin/../lib/gcc/arm-none-eabi/4.9.3/../../../../arm-none-eabi/lib/armv7-m\libg.a(lib_a-vfiprintf.o)
                0x0000aa08                __sprint_r
 .text.__swbuf_r
                0x0000aa20       0xa8 c:/program files (x86)/cypress/psoc creator/4.0/psoc creator/import/gnu/arm/4.9.3/bin/../lib/gcc/arm-none-eabi/4.9.3/../../../../arm-none-eabi/lib/armv7-m\libg.a(lib_a-wbuf.o)
                0x0000aa20                __swbuf_r
 .text.__register_exitproc
                0x0000aac8       0xa4 c:/program files (x86)/cypress/psoc creator/4.0/psoc creator/import/gnu/arm/4.9.3/bin/../lib/gcc/arm-none-eabi/4.9.3/../../../../arm-none-eabi/lib/armv7-m\libg.a(lib_a-__atexit.o)
                0x0000aac8                __register_exitproc
 .text._calloc_r
                0x0000ab6c       0x60 c:/program files (x86)/cypress/psoc creator/4.0/psoc creator/import/gnu/arm/4.9.3/bin/../lib/gcc/arm-none-eabi/4.9.3/../../../../arm-none-eabi/lib/armv7-m\libg.a(lib_a-callocr.o)
                0x0000ab6c                _calloc_r
 .text.__fputwc
                0x0000abcc       0xb0 c:/program files (x86)/cypress/psoc creator/4.0/psoc creator/import/gnu/arm/4.9.3/bin/../lib/gcc/arm-none-eabi/4.9.3/../../../../arm-none-eabi/lib/armv7-m\libg.a(lib_a-fputwc.o)
                0x0000abcc                __fputwc
 .text._fputwc_r
                0x0000ac7c       0x24 c:/program files (x86)/cypress/psoc creator/4.0/psoc creator/import/gnu/arm/4.9.3/bin/../lib/gcc/arm-none-eabi/4.9.3/../../../../arm-none-eabi/lib/armv7-m\libg.a(lib_a-fputwc.o)
                0x0000ac7c                _fputwc_r
 .text._fstat_r
                0x0000aca0       0x28 c:/program files (x86)/cypress/psoc creator/4.0/psoc creator/import/gnu/arm/4.9.3/bin/../lib/gcc/arm-none-eabi/4.9.3/../../../../arm-none-eabi/lib/armv7-m\libg.a(lib_a-fstatr.o)
                0x0000aca0                _fstat_r
 .text.rshift   0x0000acc8       0xa0 c:/program files (x86)/cypress/psoc creator/4.0/psoc creator/import/gnu/arm/4.9.3/bin/../lib/gcc/arm-none-eabi/4.9.3/../../../../arm-none-eabi/lib/armv7-m\libg.a(lib_a-gdtoa-gethex.o)
 .text.__gethex
                0x0000ad68      0x514 c:/program files (x86)/cypress/psoc creator/4.0/psoc creator/import/gnu/arm/4.9.3/bin/../lib/gcc/arm-none-eabi/4.9.3/../../../../arm-none-eabi/lib/armv7-m\libg.a(lib_a-gdtoa-gethex.o)
                0x0000ad68                __gethex
 .text.__hexnan
                0x0000b27c      0x184 c:/program files (x86)/cypress/psoc creator/4.0/psoc creator/import/gnu/arm/4.9.3/bin/../lib/gcc/arm-none-eabi/4.9.3/../../../../arm-none-eabi/lib/armv7-m\libg.a(lib_a-gdtoa-hexnan.o)
                0x0000b27c                __hexnan
 .text._isatty_r
                0x0000b400       0x24 c:/program files (x86)/cypress/psoc creator/4.0/psoc creator/import/gnu/arm/4.9.3/bin/../lib/gcc/arm-none-eabi/4.9.3/../../../../arm-none-eabi/lib/armv7-m\libg.a(lib_a-isattyr.o)
                0x0000b400                _isatty_r
 .text.strncmp  0x0000b424       0x94 c:/program files (x86)/cypress/psoc creator/4.0/psoc creator/import/gnu/arm/4.9.3/bin/../lib/gcc/arm-none-eabi/4.9.3/../../../../arm-none-eabi/lib/armv7-m\libg.a(lib_a-strncmp.o)
                0x0000b424                strncmp
 .text.__ssprint_r
                0x0000b4b8      0x104 c:/program files (x86)/cypress/psoc creator/4.0/psoc creator/import/gnu/arm/4.9.3/bin/../lib/gcc/arm-none-eabi/4.9.3/../../../../arm-none-eabi/lib/armv7-m\libg.a(lib_a-svfiprintf.o)
                0x0000b4b8                __ssprint_r
 .text._wcrtomb_r
                0x0000b5bc       0x54 c:/program files (x86)/cypress/psoc creator/4.0/psoc creator/import/gnu/arm/4.9.3/bin/../lib/gcc/arm-none-eabi/4.9.3/../../../../arm-none-eabi/lib/armv7-m\libg.a(lib_a-wcrtomb.o)
                0x0000b5bc                _wcrtomb_r
 .text.__ascii_wctomb
                0x0000b610       0x1c c:/program files (x86)/cypress/psoc creator/4.0/psoc creator/import/gnu/arm/4.9.3/bin/../lib/gcc/arm-none-eabi/4.9.3/../../../../arm-none-eabi/lib/armv7-m\libg.a(lib_a-wctomb_r.o)
                0x0000b610                __ascii_wctomb
 .text          0x0000b62c      0x424 c:/program files (x86)/cypress/psoc creator/4.0/psoc creator/import/gnu/arm/4.9.3/bin/../lib/gcc/arm-none-eabi/4.9.3/armv7-m\libgcc.a(_arm_muldivdf3.o)
                0x0000b62c                __aeabi_dmul
                0x0000b62c                __muldf3
                0x0000b880                __divdf3
                0x0000b880                __aeabi_ddiv
 .text          0x0000ba50      0x110 c:/program files (x86)/cypress/psoc creator/4.0/psoc creator/import/gnu/arm/4.9.3/bin/../lib/gcc/arm-none-eabi/4.9.3/armv7-m\libgcc.a(_arm_cmpdf2.o)
                0x0000ba50                __gtdf2
                0x0000ba50                __gedf2
                0x0000ba58                __ltdf2
                0x0000ba58                __ledf2
                0x0000ba60                __nedf2
                0x0000ba60                __eqdf2
                0x0000ba60                __cmpdf2
                0x0000badc                __aeabi_cdrcmple
                0x0000baec                __aeabi_cdcmpeq
                0x0000baec                __aeabi_cdcmple
                0x0000bafc                __aeabi_dcmpeq
                0x0000bb10                __aeabi_dcmplt
                0x0000bb24                __aeabi_dcmple
                0x0000bb38                __aeabi_dcmpge
                0x0000bb4c                __aeabi_dcmpgt
 .text          0x0000bb60       0x50 c:/program files (x86)/cypress/psoc creator/4.0/psoc creator/import/gnu/arm/4.9.3/bin/../lib/gcc/arm-none-eabi/4.9.3/armv7-m\libgcc.a(_arm_fixdfsi.o)
                0x0000bb60                __aeabi_d2iz
                0x0000bb60                __fixdfsi
 .text          0x0000bbb0       0x40 c:/program files (x86)/cypress/psoc creator/4.0/psoc creator/import/gnu/arm/4.9.3/bin/../lib/gcc/arm-none-eabi/4.9.3/armv7-m\libgcc.a(_arm_fixunsdfsi.o)
                0x0000bbb0                __aeabi_d2uiz
                0x0000bbb0                __fixunsdfsi
 .text          0x0000bbf0       0xa0 c:/program files (x86)/cypress/psoc creator/4.0/psoc creator/import/gnu/arm/4.9.3/bin/../lib/gcc/arm-none-eabi/4.9.3/armv7-m\libgcc.a(_arm_truncdfsf2.o)
                0x0000bbf0                __truncdfsf2
                0x0000bbf0                __aeabi_d2f
 .text          0x0000bc90       0x30 c:/program files (x86)/cypress/psoc creator/4.0/psoc creator/import/gnu/arm/4.9.3/bin/../lib/gcc/arm-none-eabi/4.9.3/armv7-m\libgcc.a(_aeabi_uldivmod.o)
                0x0000bc90                __aeabi_uldivmod
 .text          0x0000bcc0       0x60 c:/program files (x86)/cypress/psoc creator/4.0/psoc creator/import/gnu/arm/4.9.3/bin/../lib/gcc/arm-none-eabi/4.9.3/armv7-m\libgcc.a(bpabi.o)
                0x0000bcc0                __gnu_ldivmod_helper
                0x0000bcf0                __gnu_uldivmod_helper
 .text          0x0000bd20        0x4 c:/program files (x86)/cypress/psoc creator/4.0/psoc creator/import/gnu/arm/4.9.3/bin/../lib/gcc/arm-none-eabi/4.9.3/armv7-m\libgcc.a(_dvmd_tls.o)
                0x0000bd20                __aeabi_idiv0
                0x0000bd20                __aeabi_ldiv0
 .text          0x0000bd24      0x2ac c:/program files (x86)/cypress/psoc creator/4.0/psoc creator/import/gnu/arm/4.9.3/bin/../lib/gcc/arm-none-eabi/4.9.3/armv7-m\libgcc.a(_divdi3.o)
                0x0000bd24                __divdi3
 .text          0x0000bfd0      0x270 c:/program files (x86)/cypress/psoc creator/4.0/psoc creator/import/gnu/arm/4.9.3/bin/../lib/gcc/arm-none-eabi/4.9.3/armv7-m\libgcc.a(_udivdi3.o)
                0x0000bfd0                __udivdi3
 .text._close   0x0000c240       0x10 c:/program files (x86)/cypress/psoc creator/4.0/psoc creator/import/gnu/arm/4.9.3/bin/../lib/gcc/arm-none-eabi/4.9.3/../../../../arm-none-eabi/lib/armv7-m\libnosys.a(close.o)
                0x0000c240                _close
 .text._fstat   0x0000c250       0x10 c:/program files (x86)/cypress/psoc creator/4.0/psoc creator/import/gnu/arm/4.9.3/bin/../lib/gcc/arm-none-eabi/4.9.3/../../../../arm-none-eabi/lib/armv7-m\libnosys.a(fstat.o)
                0x0000c250                _fstat
 .text._gettimeofday
                0x0000c260       0x10 c:/program files (x86)/cypress/psoc creator/4.0/psoc creator/import/gnu/arm/4.9.3/bin/../lib/gcc/arm-none-eabi/4.9.3/../../../../arm-none-eabi/lib/armv7-m\libnosys.a(gettod.o)
                0x0000c260                _gettimeofday
 .text._isatty  0x0000c270       0x10 c:/program files (x86)/cypress/psoc creator/4.0/psoc creator/import/gnu/arm/4.9.3/bin/../lib/gcc/arm-none-eabi/4.9.3/../../../../arm-none-eabi/lib/armv7-m\libnosys.a(isatty.o)
                0x0000c270                _isatty
 .text._lseek   0x0000c280       0x10 c:/program files (x86)/cypress/psoc creator/4.0/psoc creator/import/gnu/arm/4.9.3/bin/../lib/gcc/arm-none-eabi/4.9.3/../../../../arm-none-eabi/lib/armv7-m\libnosys.a(lseek.o)
                0x0000c280                _lseek
 *(.plt)
 *(.gnu.warning)
 *(.glue_7t)
 .glue_7t       0x00000000        0x0 linker stubs
 *(.glue_7)
 .glue_7        0x00000000        0x0 linker stubs
 *(.vfp11_veneer)
 .vfp11_veneer  0x00000000        0x0 linker stubs
 *(.bootloader)
 *(.ARM.extab* .gnu.linkonce.armextab.*)
 *(.gcc_except_table)

.v4_bx          0x0000c290        0x0
 .v4_bx         0x00000000        0x0 linker stubs

.iplt           0x0000c290        0x0
 .iplt          0x00000000        0x0 c:/program files (x86)/cypress/psoc creator/4.0/psoc creator/import/gnu/arm/4.9.3/bin/../lib/gcc/arm-none-eabi/4.9.3/armv7-m/crtbegin.o

.eh_frame_hdr
 *(.eh_frame_hdr)

.eh_frame       0x0000c290        0x4
 *(.eh_frame)
 .eh_frame      0x0000c290        0x0 c:/program files (x86)/cypress/psoc creator/4.0/psoc creator/import/gnu/arm/4.9.3/bin/../lib/gcc/arm-none-eabi/4.9.3/armv7-m/crtbegin.o
 .eh_frame      0x0000c290        0x0 c:/program files (x86)/cypress/psoc creator/4.0/psoc creator/import/gnu/arm/4.9.3/bin/../lib/gcc/arm-none-eabi/4.9.3/../../../../arm-none-eabi/lib/armv7-m\libg.a(lib_a-strcmp.o)
                                 0x38 (size before relaxing)
 .eh_frame      0x0000c290        0x4 c:/program files (x86)/cypress/psoc creator/4.0/psoc creator/import/gnu/arm/4.9.3/bin/../lib/gcc/arm-none-eabi/4.9.3/armv7-m/crtend.o
                0x0000c294                PROVIDE (__exidx_start, .)

.ARM.exidx      0x0000c294        0x8
 *(.ARM.exidx* .gnu.linkonce.armexidx.*)
 .ARM.exidx     0x0000c294        0x8 c:/program files (x86)/cypress/psoc creator/4.0/psoc creator/import/gnu/arm/4.9.3/bin/../lib/gcc/arm-none-eabi/4.9.3/armv7-m\libgcc.a(_divdi3.o)
 .ARM.exidx     0x0000c29c        0x0 c:/program files (x86)/cypress/psoc creator/4.0/psoc creator/import/gnu/arm/4.9.3/bin/../lib/gcc/arm-none-eabi/4.9.3/armv7-m\libgcc.a(_udivdi3.o)
                                  0x8 (size before relaxing)
                0x0000c29c                __exidx_end = .

.rodata         0x0000c2a0     0x1960
 *(.rodata .rodata.* .gnu.linkonce.r.*)
 .rodata.str1.4
                0x0000c2a0       0x97 .\CortexM3\ARM_GCC_493\Debug\main.o
                                 0x98 (size before relaxing)
 *fill*         0x0000c337        0x1 
 .rodata        0x0000c338       0x1c .\CortexM3\ARM_GCC_493\Debug\exercise1.o
 .rodata.str1.4
                0x0000c354       0x64 .\CortexM3\ARM_GCC_493\Debug\exercise1.o
 .rodata.str1.4
                0x0000c3b8      0x114 .\CortexM3\ARM_GCC_493\Debug\exercise2.o
 .rodata.str1.4
                0x0000c4cc       0xf9 .\CortexM3\ARM_GCC_493\Debug\exercise3.o
                                 0xfc (size before relaxing)
 *fill*         0x0000c5c5        0x3 
 .rodata        0x0000c5c8       0x30 .\CortexM3\ARM_GCC_493\Debug\exercise4.o
 .rodata.str1.4
                0x0000c5f8      0x10d .\CortexM3\ARM_GCC_493\Debug\exercise4.o
                                0x110 (size before relaxing)
 *fill*         0x0000c705        0x3 
 .rodata.str1.4
                0x0000c708       0xf4 .\CortexM3\ARM_GCC_493\Debug\exercise5.o
                                 0xf8 (size before relaxing)
 .rodata.str1.4
                0x0000c7fc       0xd6 .\CortexM3\ARM_GCC_493\Debug\exercise6.o
                                 0xdc (size before relaxing)
 *fill*         0x0000c8d2        0x2 
 .rodata.str1.4
                0x0000c8d4       0x52 .\CortexM3\ARM_GCC_493\Debug\exercise7.o
                                 0x54 (size before relaxing)
 *fill*         0x0000c926        0x2 
 .rodata.str1.4
                0x0000c928       0xa2 .\CortexM3\ARM_GCC_493\Debug\exercise8.o
                                 0xa4 (size before relaxing)
 *fill*         0x0000c9ca        0x2 
 .rodata.str1.4
                0x0000c9cc       0x8a .\CortexM3\ARM_GCC_493\Debug\exercise9.o
                                 0x8c (size before relaxing)
 *fill*         0x0000ca56        0x2 
 .rodata.str1.4
                0x0000ca58       0xe3 .\CortexM3\ARM_GCC_493\Debug\exercise10.o
                                 0xe4 (size before relaxing)
 *fill*         0x0000cb3b        0x1 
 .rodata.str1.4
                0x0000cb3c      0x35b .\CortexM3\ARM_GCC_493\Debug\exercise11.o
                                0x35c (size before relaxing)
 *fill*         0x0000ce97        0x1 
 .rodata.str1.4
                0x0000ce98       0xb7 .\CortexM3\ARM_GCC_493\Debug\exercise12.o
                                 0xb8 (size before relaxing)
 *fill*         0x0000cf4f        0x1 
 .rodata.str1.4
                0x0000cf50       0x2b .\CortexM3\ARM_GCC_493\Debug\exercise13.o
                                 0x2c (size before relaxing)
 *fill*         0x0000cf7b        0x1 
 .rodata.str1.4
                0x0000cf7c       0xa3 .\CortexM3\ARM_GCC_493\Debug\exercise14.o
                                 0xa4 (size before relaxing)
 *fill*         0x0000d01f        0x1 
 .rodata.str1.4
                0x0000d020       0x8b .\CortexM3\ARM_GCC_493\Debug\exercise15.o
                                 0x8c (size before relaxing)
 *fill*         0x0000d0ab        0x1 
 .rodata.str1.4
                0x0000d0ac      0x20f .\CortexM3\ARM_GCC_493\Debug\exercise16.o
                                0x210 (size before relaxing)
 *fill*         0x0000d2bb        0x1 
 .rodata.str1.4
                0x0000d2bc       0xdb .\CortexM3\ARM_GCC_493\Debug\exercise17.o
                                 0xdc (size before relaxing)
 *fill*         0x0000d397        0x1 
 .rodata.str1.4
                0x0000d398       0xaf .\CortexM3\ARM_GCC_493\Debug\exercise18.o
                                 0xb4 (size before relaxing)
 *fill*         0x0000d447        0x1 
 .rodata.str1.4
                0x0000d448      0x151 .\CortexM3\ARM_GCC_493\Debug\exercise19.o
                                0x154 (size before relaxing)
 *fill*         0x0000d599        0x3 
 .rodata.str1.4
                0x0000d59c       0xfd .\CortexM3\ARM_GCC_493\Debug\exercise20.o
                                0x104 (size before relaxing)
 *fill*         0x0000d699        0x3 
 .rodata.str1.4
                0x0000d69c       0xb5 .\CortexM3\ARM_GCC_493\Debug\exercise21.o
                                 0xb8 (size before relaxing)
 .rodata.str1.4
                0x00000000        0x8 .\CortexM3\ARM_GCC_493\Debug\common_functions.o
 *fill*         0x0000d751        0x3 
 .rodata        0x0000d754       0x44 .\CortexM3\ARM_GCC_493\Debug\Hello Word.a(cyfitter_cfg.o)
 .rodata.str1.4
                0x0000d798        0x2 c:/program files (x86)/cypress/psoc creator/4.0/psoc creator/import/gnu/arm/4.9.3/bin/../lib/gcc/arm-none-eabi/4.9.3/../../../../arm-none-eabi/lib/armv7-m\libg.a(lib_a-impure.o)
                                  0x4 (size before relaxing)
 *fill*         0x0000d79a        0x2 
 .rodata._global_impure_ptr
                0x0000d79c        0x4 c:/program files (x86)/cypress/psoc creator/4.0/psoc creator/import/gnu/arm/4.9.3/bin/../lib/gcc/arm-none-eabi/4.9.3/../../../../arm-none-eabi/lib/armv7-m\libg.a(lib_a-impure.o)
                0x0000d79c                _global_impure_ptr
 .rodata.str1.4
                0x00000000        0x2 c:/program files (x86)/cypress/psoc creator/4.0/psoc creator/import/gnu/arm/4.9.3/bin/../lib/gcc/arm-none-eabi/4.9.3/../../../../arm-none-eabi/lib/armv7-m\libg.a(lib_a-puts.o)
                                  0x4 (size before relaxing)
 .rodata.zeroes.6931
                0x0000d7a0       0x10 c:/program files (x86)/cypress/psoc creator/4.0/psoc creator/import/gnu/arm/4.9.3/bin/../lib/gcc/arm-none-eabi/4.9.3/../../../../arm-none-eabi/lib/armv7-m\libg.a(lib_a-vfprintf.o)
 .rodata.str1.4
                0x0000d7b0       0x3f c:/program files (x86)/cypress/psoc creator/4.0/psoc creator/import/gnu/arm/4.9.3/bin/../lib/gcc/arm-none-eabi/4.9.3/../../../../arm-none-eabi/lib/armv7-m\libg.a(lib_a-vfprintf.o)
                                 0x44 (size before relaxing)
 *fill*         0x0000d7ef        0x1 
 .rodata.blanks.6930
                0x0000d7f0       0x10 c:/program files (x86)/cypress/psoc creator/4.0/psoc creator/import/gnu/arm/4.9.3/bin/../lib/gcc/arm-none-eabi/4.9.3/../../../../arm-none-eabi/lib/armv7-m\libg.a(lib_a-vfprintf.o)
 .rodata.basefix.6886
                0x0000d800       0x24 c:/program files (x86)/cypress/psoc creator/4.0/psoc creator/import/gnu/arm/4.9.3/bin/../lib/gcc/arm-none-eabi/4.9.3/../../../../arm-none-eabi/lib/armv7-m\libg.a(lib_a-vfscanf.o)
 .rodata.str1.4
                0x0000d824        0x5 c:/program files (x86)/cypress/psoc creator/4.0/psoc creator/import/gnu/arm/4.9.3/bin/../lib/gcc/arm-none-eabi/4.9.3/../../../../arm-none-eabi/lib/armv7-m\libg.a(lib_a-vfscanf.o)
                                  0x8 (size before relaxing)
 *fill*         0x0000d829        0x3 
 .rodata._ctype_
                0x0000d82c      0x104 c:/program files (x86)/cypress/psoc creator/4.0/psoc creator/import/gnu/arm/4.9.3/bin/../lib/gcc/arm-none-eabi/4.9.3/../../../../arm-none-eabi/lib/armv7-m\libg.a(lib_a-ctype_.o)
                0x0000d82c                _ctype_
 .rodata.str1.4
                0x0000d930       0x10 c:/program files (x86)/cypress/psoc creator/4.0/psoc creator/import/gnu/arm/4.9.3/bin/../lib/gcc/arm-none-eabi/4.9.3/../../../../arm-none-eabi/lib/armv7-m\libg.a(lib_a-dtoa.o)
                                 0x14 (size before relaxing)
 .rodata.str1.4
                0x0000d940        0x6 c:/program files (x86)/cypress/psoc creator/4.0/psoc creator/import/gnu/arm/4.9.3/bin/../lib/gcc/arm-none-eabi/4.9.3/../../../../arm-none-eabi/lib/armv7-m\libg.a(lib_a-locale.o)
                                 0x14 (size before relaxing)
 .rodata.str1.4
                0x00000000        0x4 c:/program files (x86)/cypress/psoc creator/4.0/psoc creator/import/gnu/arm/4.9.3/bin/../lib/gcc/arm-none-eabi/4.9.3/../../../../arm-none-eabi/lib/armv7-m\libg.a(lib_a-mbrtowc.o)
 *fill*         0x0000d946        0x2 
 .rodata.p05.5296
                0x0000d948        0xc c:/program files (x86)/cypress/psoc creator/4.0/psoc creator/import/gnu/arm/4.9.3/bin/../lib/gcc/arm-none-eabi/4.9.3/../../../../arm-none-eabi/lib/armv7-m\libg.a(lib_a-mprec.o)
 *fill*         0x0000d954        0x4 
 .rodata.__mprec_tens
                0x0000d958       0xc8 c:/program files (x86)/cypress/psoc creator/4.0/psoc creator/import/gnu/arm/4.9.3/bin/../lib/gcc/arm-none-eabi/4.9.3/../../../../arm-none-eabi/lib/armv7-m\libg.a(lib_a-mprec.o)
                0x0000d958                __mprec_tens
 .rodata.__mprec_bigtens
                0x0000da20       0x28 c:/program files (x86)/cypress/psoc creator/4.0/psoc creator/import/gnu/arm/4.9.3/bin/../lib/gcc/arm-none-eabi/4.9.3/../../../../arm-none-eabi/lib/armv7-m\libg.a(lib_a-mprec.o)
                0x0000da20                __mprec_bigtens
 .rodata.fpinan.5301
                0x0000da48       0x14 c:/program files (x86)/cypress/psoc creator/4.0/psoc creator/import/gnu/arm/4.9.3/bin/../lib/gcc/arm-none-eabi/4.9.3/../../../../arm-none-eabi/lib/armv7-m\libg.a(lib_a-strtod.o)
 .rodata.str1.4
                0x0000da5c       0x10 c:/program files (x86)/cypress/psoc creator/4.0/psoc creator/import/gnu/arm/4.9.3/bin/../lib/gcc/arm-none-eabi/4.9.3/../../../../arm-none-eabi/lib/armv7-m\libg.a(lib_a-strtod.o)
 .rodata.fpi.5265
                0x0000da6c       0x14 c:/program files (x86)/cypress/psoc creator/4.0/psoc creator/import/gnu/arm/4.9.3/bin/../lib/gcc/arm-none-eabi/4.9.3/../../../../arm-none-eabi/lib/armv7-m\libg.a(lib_a-strtod.o)
 .rodata.tinytens
                0x0000da80       0x28 c:/program files (x86)/cypress/psoc creator/4.0/psoc creator/import/gnu/arm/4.9.3/bin/../lib/gcc/arm-none-eabi/4.9.3/../../../../arm-none-eabi/lib/armv7-m\libg.a(lib_a-strtod.o)
 .rodata.zeroes.6916
                0x0000daa8       0x10 c:/program files (x86)/cypress/psoc creator/4.0/psoc creator/import/gnu/arm/4.9.3/bin/../lib/gcc/arm-none-eabi/4.9.3/../../../../arm-none-eabi/lib/armv7-m\libg.a(lib_a-svfprintf.o)
 .rodata.str1.4
                0x00000000       0x44 c:/program files (x86)/cypress/psoc creator/4.0/psoc creator/import/gnu/arm/4.9.3/bin/../lib/gcc/arm-none-eabi/4.9.3/../../../../arm-none-eabi/lib/armv7-m\libg.a(lib_a-svfprintf.o)
 .rodata.blanks.6915
                0x0000dab8       0x10 c:/program files (x86)/cypress/psoc creator/4.0/psoc creator/import/gnu/arm/4.9.3/bin/../lib/gcc/arm-none-eabi/4.9.3/../../../../arm-none-eabi/lib/armv7-m\libg.a(lib_a-svfprintf.o)
 .rodata.__hexdig
                0x0000dac8      0x100 c:/program files (x86)/cypress/psoc creator/4.0/psoc creator/import/gnu/arm/4.9.3/bin/../lib/gcc/arm-none-eabi/4.9.3/../../../../arm-none-eabi/lib/armv7-m\libg.a(lib_a-gdtoa-gethex.o)
                0x0000dac8                __hexdig
                0x0000dbc8                . = ALIGN (0x4)
 *(.init)
 .init          0x0000dbc8        0x4 c:/program files (x86)/cypress/psoc creator/4.0/psoc creator/import/gnu/arm/4.9.3/bin/../lib/gcc/arm-none-eabi/4.9.3/armv7-m/crti.o
                0x0000dbc8                _init
 .init          0x0000dbcc        0x8 c:/program files (x86)/cypress/psoc creator/4.0/psoc creator/import/gnu/arm/4.9.3/bin/../lib/gcc/arm-none-eabi/4.9.3/armv7-m/crtn.o
                0x0000dbd4                . = ALIGN (0x4)
                0x0000dbd4                __preinit_array_start = .
 *(.preinit_array)
                0x0000dbd4                __preinit_array_end = .
                0x0000dbd4                . = ALIGN (0x4)
                0x0000dbd4                __init_array_start = .
 *(SORT(.init_array.*))
 .init_array.00000
                0x0000dbd4        0x4 c:/program files (x86)/cypress/psoc creator/4.0/psoc creator/import/gnu/arm/4.9.3/bin/../lib/gcc/arm-none-eabi/4.9.3/../../../../arm-none-eabi/lib/armv7-m\libg.a(lib_a-__call_atexit.o)
 *(.init_array)
 .init_array    0x0000dbd8        0x4 c:/program files (x86)/cypress/psoc creator/4.0/psoc creator/import/gnu/arm/4.9.3/bin/../lib/gcc/arm-none-eabi/4.9.3/armv7-m/crtbegin.o
 .init_array    0x0000dbdc        0x4 .\CortexM3\ARM_GCC_493\Debug\Cm3Start.o
                0x0000dbe0                __init_array_end = .
                0x0000dbe0                . = ALIGN (0x4)
 *(.fini)
 .fini          0x0000dbe0        0x4 c:/program files (x86)/cypress/psoc creator/4.0/psoc creator/import/gnu/arm/4.9.3/bin/../lib/gcc/arm-none-eabi/4.9.3/armv7-m/crti.o
                0x0000dbe0                _fini
 .fini          0x0000dbe4        0x8 c:/program files (x86)/cypress/psoc creator/4.0/psoc creator/import/gnu/arm/4.9.3/bin/../lib/gcc/arm-none-eabi/4.9.3/armv7-m/crtn.o
                0x0000dbec                . = ALIGN (0x4)
                0x0000dbec                __fini_array_start = .
 *(.fini_array)
 .fini_array    0x0000dbec        0x4 c:/program files (x86)/cypress/psoc creator/4.0/psoc creator/import/gnu/arm/4.9.3/bin/../lib/gcc/arm-none-eabi/4.9.3/armv7-m/crtbegin.o
 *(SORT(.fini_array.*))
                0x0000dbf0                __fini_array_end = .
                0x0000dbf0                . = ALIGN (0x4)
 *crtbegin.o(.ctors)
 *(EXCLUDE_FILE(*crtend.o) .ctors)
 *(SORT(.ctors.*))
 *crtend.o(.ctors)
                0x0000dbf0                . = ALIGN (0x4)
 *crtbegin.o(.dtors)
 *(EXCLUDE_FILE(*crtend.o) .dtors)
 *(SORT(.dtors.*))
 *crtend.o(.dtors)
                0x0000dbf0                . = ALIGN (0x4)
                0x0000dbf0                __cy_regions = .
                0x0000dbf0        0x4 LONG 0xdc00 __cy_region_init_ram
                0x0000dbf4        0x4 LONG 0x1fff8108 __cy_region_start_data
                0x0000dbf8        0x4 LONG 0x8b0 __cy_region_init_size_ram
                0x0000dbfc        0x4 LONG 0x160 __cy_region_zero_size_ram
                0x0000dc00                __cy_regions_end = .
                0x0000dc00                . = ALIGN (0x8)
                0x0000dc00                _etext = .

.cy_checksum_exclude
                0x0000dc00        0x0
 *(.cy_checksum_exclude)

.ramvectors     0x1fff8000      0x100
                0x1fff8000                __cy_region_start_ram = .
 *(.ramvectors)
 .ramvectors    0x1fff8000      0x100 .\CortexM3\ARM_GCC_493\Debug\Cm3Start.o
                0x1fff8000                CyRamVectors

.noinit         0x1fff8100        0x5
 *(.noinit)
 .noinit        0x1fff8100        0x4 .\CortexM3\ARM_GCC_493\Debug\Cm3Start.o
 .noinit        0x1fff8104        0x1 .\CortexM3\ARM_GCC_493\Debug\Hello Word.a(CyLib.o)
                0x1fff8104                CyResetStatus

.data           0x1fff8108      0x8b0 load address 0x0000dc00
                0x1fff8108                __cy_region_start_data = .
 *(.jcr)
 .jcr           0x1fff8108        0x0 c:/program files (x86)/cypress/psoc creator/4.0/psoc creator/import/gnu/arm/4.9.3/bin/../lib/gcc/arm-none-eabi/4.9.3/armv7-m/crtbegin.o
 .jcr           0x1fff8108        0x4 c:/program files (x86)/cypress/psoc creator/4.0/psoc creator/import/gnu/arm/4.9.3/bin/../lib/gcc/arm-none-eabi/4.9.3/armv7-m/crtend.o
 *(.got.plt)
 *(.got)
 *(.shdata)
 *(.data .data.* .gnu.linkonce.d.*)
 .data          0x1fff810c        0x4 .\CortexM3\ARM_GCC_493\Debug\Cm3Start.o
 .data.impure_data
                0x1fff8110      0x428 c:/program files (x86)/cypress/psoc creator/4.0/psoc creator/import/gnu/arm/4.9.3/bin/../lib/gcc/arm-none-eabi/4.9.3/../../../../arm-none-eabi/lib/armv7-m\libg.a(lib_a-impure.o)
 .data._impure_ptr
                0x1fff8538        0x4 c:/program files (x86)/cypress/psoc creator/4.0/psoc creator/import/gnu/arm/4.9.3/bin/../lib/gcc/arm-none-eabi/4.9.3/../../../../arm-none-eabi/lib/armv7-m\libg.a(lib_a-impure.o)
                0x1fff8538                _impure_ptr
 .data.__malloc_av_
                0x1fff853c      0x408 c:/program files (x86)/cypress/psoc creator/4.0/psoc creator/import/gnu/arm/4.9.3/bin/../lib/gcc/arm-none-eabi/4.9.3/../../../../arm-none-eabi/lib/armv7-m\libg.a(lib_a-mallocr.o)
                0x1fff853c                __malloc_av_
 .data.__malloc_trim_threshold
                0x1fff8944        0x4 c:/program files (x86)/cypress/psoc creator/4.0/psoc creator/import/gnu/arm/4.9.3/bin/../lib/gcc/arm-none-eabi/4.9.3/../../../../arm-none-eabi/lib/armv7-m\libg.a(lib_a-mallocr.o)
                0x1fff8944                __malloc_trim_threshold
 .data.__malloc_sbrk_base
                0x1fff8948        0x4 c:/program files (x86)/cypress/psoc creator/4.0/psoc creator/import/gnu/arm/4.9.3/bin/../lib/gcc/arm-none-eabi/4.9.3/../../../../arm-none-eabi/lib/armv7-m\libg.a(lib_a-mallocr.o)
                0x1fff8948                __malloc_sbrk_base
 .data.__ctype_ptr__
                0x1fff894c        0x4 c:/program files (x86)/cypress/psoc creator/4.0/psoc creator/import/gnu/arm/4.9.3/bin/../lib/gcc/arm-none-eabi/4.9.3/../../../../arm-none-eabi/lib/armv7-m\libg.a(lib_a-ctype_.o)
                0x1fff894c                __ctype_ptr__
 .data.lconv    0x1fff8950       0x38 c:/program files (x86)/cypress/psoc creator/4.0/psoc creator/import/gnu/arm/4.9.3/bin/../lib/gcc/arm-none-eabi/4.9.3/../../../../arm-none-eabi/lib/armv7-m\libg.a(lib_a-locale.o)
 .data.lc_ctype_charset
                0x1fff8988       0x20 c:/program files (x86)/cypress/psoc creator/4.0/psoc creator/import/gnu/arm/4.9.3/bin/../lib/gcc/arm-none-eabi/4.9.3/../../../../arm-none-eabi/lib/armv7-m\libg.a(lib_a-locale.o)
 .data.__mb_cur_max
                0x1fff89a8        0x4 c:/program files (x86)/cypress/psoc creator/4.0/psoc creator/import/gnu/arm/4.9.3/bin/../lib/gcc/arm-none-eabi/4.9.3/../../../../arm-none-eabi/lib/armv7-m\libg.a(lib_a-locale.o)
                0x1fff89a8                __mb_cur_max
 .data.__mbtowc
                0x1fff89ac        0x4 c:/program files (x86)/cypress/psoc creator/4.0/psoc creator/import/gnu/arm/4.9.3/bin/../lib/gcc/arm-none-eabi/4.9.3/../../../../arm-none-eabi/lib/armv7-m\libg.a(lib_a-mbtowc_r.o)
                0x1fff89ac                __mbtowc
 .data.__wctomb
                0x1fff89b0        0x4 c:/program files (x86)/cypress/psoc creator/4.0/psoc creator/import/gnu/arm/4.9.3/bin/../lib/gcc/arm-none-eabi/4.9.3/../../../../arm-none-eabi/lib/armv7-m\libg.a(lib_a-wctomb_r.o)
                0x1fff89b0                __wctomb
                0x1fff89b8                . = ALIGN (0x8)
 *fill*         0x1fff89b4        0x4 
 *(.ram)
                0x1fff89b8                _edata = .

.igot.plt       0x1fff89b8        0x0 load address 0x0000e4b0
 .igot.plt      0x00000000        0x0 c:/program files (x86)/cypress/psoc creator/4.0/psoc creator/import/gnu/arm/4.9.3/bin/../lib/gcc/arm-none-eabi/4.9.3/armv7-m/crtbegin.o

.bss            0x1fff89b8      0x160 load address 0x0000e4b0
                0x1fff89b8                PROVIDE (__bss_start__, .)
 *(.shbss)
 *(.bss .bss.* .gnu.linkonce.b.*)
 .bss           0x1fff89b8       0x1c c:/program files (x86)/cypress/psoc creator/4.0/psoc creator/import/gnu/arm/4.9.3/bin/../lib/gcc/arm-none-eabi/4.9.3/armv7-m/crtbegin.o
 .bss           0x1fff89d4        0x2 .\CortexM3\ARM_GCC_493\Debug\Hello Word.a(UART_1.o)
                0x1fff89d4                UART_1_initVar
 *fill*         0x1fff89d6        0x2 
 .bss.__malloc_max_total_mem
                0x1fff89d8        0x4 c:/program files (x86)/cypress/psoc creator/4.0/psoc creator/import/gnu/arm/4.9.3/bin/../lib/gcc/arm-none-eabi/4.9.3/../../../../arm-none-eabi/lib/armv7-m\libg.a(lib_a-mallocr.o)
                0x1fff89d8                __malloc_max_total_mem
 .bss.__malloc_max_sbrked_mem
                0x1fff89dc        0x4 c:/program files (x86)/cypress/psoc creator/4.0/psoc creator/import/gnu/arm/4.9.3/bin/../lib/gcc/arm-none-eabi/4.9.3/../../../../arm-none-eabi/lib/armv7-m\libg.a(lib_a-mallocr.o)
                0x1fff89dc                __malloc_max_sbrked_mem
 .bss.__malloc_top_pad
                0x1fff89e0        0x4 c:/program files (x86)/cypress/psoc creator/4.0/psoc creator/import/gnu/arm/4.9.3/bin/../lib/gcc/arm-none-eabi/4.9.3/../../../../arm-none-eabi/lib/armv7-m\libg.a(lib_a-mallocr.o)
                0x1fff89e0                __malloc_top_pad
 .bss.__malloc_current_mallinfo
                0x1fff89e4       0x28 c:/program files (x86)/cypress/psoc creator/4.0/psoc creator/import/gnu/arm/4.9.3/bin/../lib/gcc/arm-none-eabi/4.9.3/../../../../arm-none-eabi/lib/armv7-m\libg.a(lib_a-mallocr.o)
                0x1fff89e4                __malloc_current_mallinfo
 *(COMMON)
 COMMON         0x1fff8a0c      0x108 .\CortexM3\ARM_GCC_493\Debug\exercise20.o
                0x1fff8a0c                Months
                0x1fff8afc                newMonth
                0x1fff8b10                nextMonth
 COMMON         0x1fff8b14        0x4 c:/program files (x86)/cypress/psoc creator/4.0/psoc creator/import/gnu/arm/4.9.3/bin/../lib/gcc/arm-none-eabi/4.9.3/../../../../arm-none-eabi/lib/armv7-m\libg.a(lib_a-reent.o)
                0x1fff8b14                errno
                0x1fff8b18                . = ALIGN (0x8)
 *(.ram.b)
                0x1fff8b18                _end = .
                0x1fff8b18                __end = .
                0x1fff8b18                PROVIDE (end, .)
                0x1fff8b18                PROVIDE (__bss_end__, .)
                0x0000dc00                __cy_region_init_ram = LOADADDR (.data)
                0x000008b0                __cy_region_init_size_ram = (_edata - ADDR (.data))
                0x00000160                __cy_region_zero_size_ram = (_end - _edata)

.heap           0x1fff8b18      0x800 load address 0x0000e4b0
                0x1fff8b18                . = _end
                0x1fff9318                . = (. + 0x800)
 *fill*         0x1fff8b18      0x800 
                0x1fff9318                __cy_heap_limit = .

.stack          0x20007800      0x800
                0x20007800                __cy_stack_limit = .
                0x20008000                . = (. + 0x800)
 *fill*         0x20007800      0x800 
                0x00000001                ASSERT ((__cy_stack_limit >= __cy_heap_limit), region RAM overflowed with stack)
                0x00000000                cy_checksum_exclude_size = (CY_APPL_LOADABLE == 0x1)?SIZEOF (.cy_checksum_exclude):0x0
                0x00000001                ASSERT ((cy_checksum_exclude_size <= CY_CHECKSUM_EXCLUDE_SIZE), CY_BOOT: Section .cy_checksum_exclude size exceedes specified limit.)

.cyloadermeta
 *(.cyloadermeta)

.cyloadablemeta
 *(.cyloadablemeta)

.cyconfigecc    0x80000000      0x2e8
 *(.cyconfigecc)
 .cyconfigecc   0x80000000      0x2e8 .\CortexM3\ARM_GCC_493\Debug\cymetadata.o
                0x80000000                cy_meta_configecc

.cycustnvl      0x90000000        0x4
 *(.cycustnvl)
 .cycustnvl     0x90000000        0x4 .\CortexM3\ARM_GCC_493\Debug\cymetadata.o
                0x90000000                cy_meta_custnvl

.cywolatch      0x90100000        0x4
 *(.cywolatch)
 .cywolatch     0x90100000        0x4 .\CortexM3\ARM_GCC_493\Debug\cymetadata.o
                0x90100000                cy_meta_wonvl

.cyeeprom       0x90200000        0x0
 *(.cyeeprom)
                0x00000001                ASSERT ((. <= ((0x90200000 + ee_offset) + ee_size)), .cyeeprom data will not fit in EEPROM)

.cyflashprotect
                0x90400000      0x100
 *(.cyflashprotect)
 .cyflashprotect
                0x90400000      0x100 .\CortexM3\ARM_GCC_493\Debug\cymetadata.o
                0x90400000                cy_meta_flashprotect

.cymeta         0x90500000        0xc
 *(.cymeta)
 .cymeta        0x90500000        0xc .\CortexM3\ARM_GCC_493\Debug\cymetadata.o
                0x90500000                cy_metadata

.rel.dyn        0x0000e4b0        0x0 load address 0x9050000c
 .rel.iplt      0x00000000        0x0 c:/program files (x86)/cypress/psoc creator/4.0/psoc creator/import/gnu/arm/4.9.3/bin/../lib/gcc/arm-none-eabi/4.9.3/armv7-m/crtbegin.o

.stab           0x00000000       0x84
 *(.stab)
 .stab          0x00000000       0x24 c:/program files (x86)/cypress/psoc creator/4.0/psoc creator/import/gnu/arm/4.9.3/bin/../lib/gcc/arm-none-eabi/4.9.3/../../../../arm-none-eabi/lib/armv7-m\libnosys.a(close.o)
 .stab          0x00000024       0x18 c:/program files (x86)/cypress/psoc creator/4.0/psoc creator/import/gnu/arm/4.9.3/bin/../lib/gcc/arm-none-eabi/4.9.3/../../../../arm-none-eabi/lib/armv7-m\libnosys.a(fstat.o)
                                 0x24 (size before relaxing)
 .stab          0x0000003c       0x18 c:/program files (x86)/cypress/psoc creator/4.0/psoc creator/import/gnu/arm/4.9.3/bin/../lib/gcc/arm-none-eabi/4.9.3/../../../../arm-none-eabi/lib/armv7-m\libnosys.a(gettod.o)
                                 0x24 (size before relaxing)
 .stab          0x00000054       0x18 c:/program files (x86)/cypress/psoc creator/4.0/psoc creator/import/gnu/arm/4.9.3/bin/../lib/gcc/arm-none-eabi/4.9.3/../../../../arm-none-eabi/lib/armv7-m\libnosys.a(isatty.o)
                                 0x24 (size before relaxing)
 .stab          0x0000006c       0x18 c:/program files (x86)/cypress/psoc creator/4.0/psoc creator/import/gnu/arm/4.9.3/bin/../lib/gcc/arm-none-eabi/4.9.3/../../../../arm-none-eabi/lib/armv7-m\libnosys.a(lseek.o)
                                 0x24 (size before relaxing)

.stabstr        0x00000000      0x127
 *(.stabstr)
 .stabstr       0x00000000      0x127 c:/program files (x86)/cypress/psoc creator/4.0/psoc creator/import/gnu/arm/4.9.3/bin/../lib/gcc/arm-none-eabi/4.9.3/../../../../arm-none-eabi/lib/armv7-m\libnosys.a(close.o)

.debug
 *(.debug)

.line
 *(.line)

.debug_srcinfo
 *(.debug_srcinfo)

.debug_sfnames
 *(.debug_sfnames)

.debug_aranges  0x00000000      0x9b8
 *(.debug_aranges)
 .debug_aranges
                0x00000000       0x30 .\CortexM3\ARM_GCC_493\Debug\main.o
 .debug_aranges
                0x00000030       0x20 .\CortexM3\ARM_GCC_493\Debug\exercise1.o
 .debug_aranges
                0x00000050       0x20 .\CortexM3\ARM_GCC_493\Debug\exercise2.o
 .debug_aranges
                0x00000070       0x20 .\CortexM3\ARM_GCC_493\Debug\exercise3.o
 .debug_aranges
                0x00000090       0x20 .\CortexM3\ARM_GCC_493\Debug\exercise4.o
 .debug_aranges
                0x000000b0       0x20 .\CortexM3\ARM_GCC_493\Debug\exercise5.o
 .debug_aranges
                0x000000d0       0x20 .\CortexM3\ARM_GCC_493\Debug\exercise6.o
 .debug_aranges
                0x000000f0       0x20 .\CortexM3\ARM_GCC_493\Debug\exercise7.o
 .debug_aranges
                0x00000110       0x20 .\CortexM3\ARM_GCC_493\Debug\exercise8.o
 .debug_aranges
                0x00000130       0x20 .\CortexM3\ARM_GCC_493\Debug\exercise9.o
 .debug_aranges
                0x00000150       0x20 .\CortexM3\ARM_GCC_493\Debug\exercise10.o
 .debug_aranges
                0x00000170       0x20 .\CortexM3\ARM_GCC_493\Debug\exercise11.o
 .debug_aranges
                0x00000190       0x28 .\CortexM3\ARM_GCC_493\Debug\exercise12.o
 .debug_aranges
                0x000001b8       0x28 .\CortexM3\ARM_GCC_493\Debug\exercise13.o
 .debug_aranges
                0x000001e0       0x28 .\CortexM3\ARM_GCC_493\Debug\exercise14.o
 .debug_aranges
                0x00000208       0x28 .\CortexM3\ARM_GCC_493\Debug\exercise15.o
 .debug_aranges
                0x00000230       0x28 .\CortexM3\ARM_GCC_493\Debug\exercise16.o
 .debug_aranges
                0x00000258       0x28 .\CortexM3\ARM_GCC_493\Debug\exercise17.o
 .debug_aranges
                0x00000280       0x28 .\CortexM3\ARM_GCC_493\Debug\exercise18.o
 .debug_aranges
                0x000002a8       0x28 .\CortexM3\ARM_GCC_493\Debug\exercise19.o
 .debug_aranges
                0x000002d0       0x28 .\CortexM3\ARM_GCC_493\Debug\exercise20.o
 .debug_aranges
                0x000002f8       0x30 .\CortexM3\ARM_GCC_493\Debug\exercise21.o
 .debug_aranges
                0x00000328       0x28 .\CortexM3\ARM_GCC_493\Debug\common_functions.o
 .debug_aranges
                0x00000350       0x18 .\CortexM3\ARM_GCC_493\Debug\cymetadata.o
 .debug_aranges
                0x00000368       0x48 .\CortexM3\ARM_GCC_493\Debug\Cm3Start.o
 .debug_aranges
                0x000003b0       0x58 .\CortexM3\ARM_GCC_493\Debug\Hello Word.a(cyfitter_cfg.o)
 .debug_aranges
                0x00000408       0xf0 .\CortexM3\ARM_GCC_493\Debug\Hello Word.a(UART_1.o)
 .debug_aranges
                0x000004f8       0x70 .\CortexM3\ARM_GCC_493\Debug\Hello Word.a(UART_1_IntClock.o)
 .debug_aranges
                0x00000568      0x2a0 .\CortexM3\ARM_GCC_493\Debug\Hello Word.a(CyLib.o)
 .debug_aranges
                0x00000808       0x98 .\CortexM3\ARM_GCC_493\Debug\Hello Word.a(cyPm.o)
 .debug_aranges
                0x000008a0       0x20 .\CortexM3\ARM_GCC_493\Debug\Hello Word.a(CyBootAsmGnu.o)
 .debug_aranges
                0x000008c0       0x80 .\CortexM3\ARM_GCC_493\Debug\Hello Word.a(CyFlash.o)
 .debug_aranges
                0x00000940       0x78 .\CortexM3\ARM_GCC_493\Debug\Hello Word.a(CySpc.o)

.debug_pubnames
 *(.debug_pubnames)

.debug_info     0x00000000     0x9d33
 *(.debug_info .gnu.linkonce.wi.*)
 .debug_info    0x00000000      0x3df .\CortexM3\ARM_GCC_493\Debug\main.o
 .debug_info    0x000003df      0x1a8 .\CortexM3\ARM_GCC_493\Debug\exercise1.o
 .debug_info    0x00000587      0x28b .\CortexM3\ARM_GCC_493\Debug\exercise2.o
 .debug_info    0x00000812      0x215 .\CortexM3\ARM_GCC_493\Debug\exercise3.o
 .debug_info    0x00000a27      0x269 .\CortexM3\ARM_GCC_493\Debug\exercise4.o
 .debug_info    0x00000c90      0x224 .\CortexM3\ARM_GCC_493\Debug\exercise5.o
 .debug_info    0x00000eb4      0x270 .\CortexM3\ARM_GCC_493\Debug\exercise6.o
 .debug_info    0x00001124      0x1e4 .\CortexM3\ARM_GCC_493\Debug\exercise7.o
 .debug_info    0x00001308      0x1ca .\CortexM3\ARM_GCC_493\Debug\exercise8.o
 .debug_info    0x000014d2      0x1c2 .\CortexM3\ARM_GCC_493\Debug\exercise9.o
 .debug_info    0x00001694      0x1f6 .\CortexM3\ARM_GCC_493\Debug\exercise10.o
 .debug_info    0x0000188a      0x23f .\CortexM3\ARM_GCC_493\Debug\exercise11.o
 .debug_info    0x00001ac9      0x251 .\CortexM3\ARM_GCC_493\Debug\exercise12.o
 .debug_info    0x00001d1a      0x1ef .\CortexM3\ARM_GCC_493\Debug\exercise13.o
 .debug_info    0x00001f09      0x21d .\CortexM3\ARM_GCC_493\Debug\exercise14.o
 .debug_info    0x00002126      0x206 .\CortexM3\ARM_GCC_493\Debug\exercise15.o
 .debug_info    0x0000232c      0x278 .\CortexM3\ARM_GCC_493\Debug\exercise16.o
 .debug_info    0x000025a4      0x275 .\CortexM3\ARM_GCC_493\Debug\exercise17.o
 .debug_info    0x00002819      0xbaa .\CortexM3\ARM_GCC_493\Debug\exercise18.o
 .debug_info    0x000033c3      0xba5 .\CortexM3\ARM_GCC_493\Debug\exercise19.o
 .debug_info    0x00003f68      0xbcd .\CortexM3\ARM_GCC_493\Debug\exercise20.o
 .debug_info    0x00004b35      0xc39 .\CortexM3\ARM_GCC_493\Debug\exercise21.o
 .debug_info    0x0000576e      0x968 .\CortexM3\ARM_GCC_493\Debug\common_functions.o
 .debug_info    0x000060d6      0x13b .\CortexM3\ARM_GCC_493\Debug\cymetadata.o
 .debug_info    0x00006211      0x3b3 .\CortexM3\ARM_GCC_493\Debug\Cm3Start.o
 .debug_info    0x000065c4      0x57a .\CortexM3\ARM_GCC_493\Debug\Hello Word.a(cyfitter_cfg.o)
 .debug_info    0x00006b3e      0x603 .\CortexM3\ARM_GCC_493\Debug\Hello Word.a(UART_1.o)
 .debug_info    0x00007141      0x283 .\CortexM3\ARM_GCC_493\Debug\Hello Word.a(UART_1_IntClock.o)
 .debug_info    0x000073c4     0x1385 .\CortexM3\ARM_GCC_493\Debug\Hello Word.a(CyLib.o)
 .debug_info    0x00008749      0xa57 .\CortexM3\ARM_GCC_493\Debug\Hello Word.a(cyPm.o)
 .debug_info    0x000091a0       0xa1 .\CortexM3\ARM_GCC_493\Debug\Hello Word.a(CyBootAsmGnu.o)
 .debug_info    0x00009241      0x608 .\CortexM3\ARM_GCC_493\Debug\Hello Word.a(CyFlash.o)
 .debug_info    0x00009849      0x4ea .\CortexM3\ARM_GCC_493\Debug\Hello Word.a(CySpc.o)

.debug_abbrev   0x00000000     0x2f5b
 *(.debug_abbrev)
 .debug_abbrev  0x00000000      0x148 .\CortexM3\ARM_GCC_493\Debug\main.o
 .debug_abbrev  0x00000148       0xf4 .\CortexM3\ARM_GCC_493\Debug\exercise1.o
 .debug_abbrev  0x0000023c       0xf1 .\CortexM3\ARM_GCC_493\Debug\exercise2.o
 .debug_abbrev  0x0000032d       0xf7 .\CortexM3\ARM_GCC_493\Debug\exercise3.o
 .debug_abbrev  0x00000424      0x109 .\CortexM3\ARM_GCC_493\Debug\exercise4.o
 .debug_abbrev  0x0000052d      0x106 .\CortexM3\ARM_GCC_493\Debug\exercise5.o
 .debug_abbrev  0x00000633      0x106 .\CortexM3\ARM_GCC_493\Debug\exercise6.o
 .debug_abbrev  0x00000739      0x138 .\CortexM3\ARM_GCC_493\Debug\exercise7.o
 .debug_abbrev  0x00000871      0x121 .\CortexM3\ARM_GCC_493\Debug\exercise8.o
 .debug_abbrev  0x00000992      0x132 .\CortexM3\ARM_GCC_493\Debug\exercise9.o
 .debug_abbrev  0x00000ac4      0x111 .\CortexM3\ARM_GCC_493\Debug\exercise10.o
 .debug_abbrev  0x00000bd5      0x100 .\CortexM3\ARM_GCC_493\Debug\exercise11.o
 .debug_abbrev  0x00000cd5      0x13c .\CortexM3\ARM_GCC_493\Debug\exercise12.o
 .debug_abbrev  0x00000e11      0x11f .\CortexM3\ARM_GCC_493\Debug\exercise13.o
 .debug_abbrev  0x00000f30      0x149 .\CortexM3\ARM_GCC_493\Debug\exercise14.o
 .debug_abbrev  0x00001079      0x10f .\CortexM3\ARM_GCC_493\Debug\exercise15.o
 .debug_abbrev  0x00001188      0x13c .\CortexM3\ARM_GCC_493\Debug\exercise16.o
 .debug_abbrev  0x000012c4      0x141 .\CortexM3\ARM_GCC_493\Debug\exercise17.o
 .debug_abbrev  0x00001405      0x260 .\CortexM3\ARM_GCC_493\Debug\exercise18.o
 .debug_abbrev  0x00001665      0x278 .\CortexM3\ARM_GCC_493\Debug\exercise19.o
 .debug_abbrev  0x000018dd      0x283 .\CortexM3\ARM_GCC_493\Debug\exercise20.o
 .debug_abbrev  0x00001b60      0x276 .\CortexM3\ARM_GCC_493\Debug\exercise21.o
 .debug_abbrev  0x00001dd6      0x1f6 .\CortexM3\ARM_GCC_493\Debug\common_functions.o
 .debug_abbrev  0x00001fcc       0x66 .\CortexM3\ARM_GCC_493\Debug\cymetadata.o
 .debug_abbrev  0x00002032      0x1f7 .\CortexM3\ARM_GCC_493\Debug\Cm3Start.o
 .debug_abbrev  0x00002229      0x212 .\CortexM3\ARM_GCC_493\Debug\Hello Word.a(cyfitter_cfg.o)
 .debug_abbrev  0x0000243b      0x1a2 .\CortexM3\ARM_GCC_493\Debug\Hello Word.a(UART_1.o)
 .debug_abbrev  0x000025dd      0x139 .\CortexM3\ARM_GCC_493\Debug\Hello Word.a(UART_1_IntClock.o)
 .debug_abbrev  0x00002716      0x296 .\CortexM3\ARM_GCC_493\Debug\Hello Word.a(CyLib.o)
 .debug_abbrev  0x000029ac      0x1ed .\CortexM3\ARM_GCC_493\Debug\Hello Word.a(cyPm.o)
 .debug_abbrev  0x00002b99       0x14 .\CortexM3\ARM_GCC_493\Debug\Hello Word.a(CyBootAsmGnu.o)
 .debug_abbrev  0x00002bad      0x1ed .\CortexM3\ARM_GCC_493\Debug\Hello Word.a(CyFlash.o)
 .debug_abbrev  0x00002d9a      0x1c1 .\CortexM3\ARM_GCC_493\Debug\Hello Word.a(CySpc.o)

.debug_line     0x00000000     0x4749
 *(.debug_line)
 .debug_line    0x00000000      0x35b .\CortexM3\ARM_GCC_493\Debug\main.o
 .debug_line    0x0000035b      0x184 .\CortexM3\ARM_GCC_493\Debug\exercise1.o
 .debug_line    0x000004df      0x17c .\CortexM3\ARM_GCC_493\Debug\exercise2.o
 .debug_line    0x0000065b      0x17f .\CortexM3\ARM_GCC_493\Debug\exercise3.o
 .debug_line    0x000007da      0x1a8 .\CortexM3\ARM_GCC_493\Debug\exercise4.o
 .debug_line    0x00000982      0x188 .\CortexM3\ARM_GCC_493\Debug\exercise5.o
 .debug_line    0x00000b0a      0x192 .\CortexM3\ARM_GCC_493\Debug\exercise6.o
 .debug_line    0x00000c9c      0x1b3 .\CortexM3\ARM_GCC_493\Debug\exercise7.o
 .debug_line    0x00000e4f      0x1a5 .\CortexM3\ARM_GCC_493\Debug\exercise8.o
 .debug_line    0x00000ff4      0x1b3 .\CortexM3\ARM_GCC_493\Debug\exercise9.o
 .debug_line    0x000011a7      0x197 .\CortexM3\ARM_GCC_493\Debug\exercise10.o
 .debug_line    0x0000133e      0x1bb .\CortexM3\ARM_GCC_493\Debug\exercise11.o
 .debug_line    0x000014f9      0x1a4 .\CortexM3\ARM_GCC_493\Debug\exercise12.o
 .debug_line    0x0000169d      0x21d .\CortexM3\ARM_GCC_493\Debug\exercise13.o
 .debug_line    0x000018ba      0x1b0 .\CortexM3\ARM_GCC_493\Debug\exercise14.o
 .debug_line    0x00001a6a      0x1a6 .\CortexM3\ARM_GCC_493\Debug\exercise15.o
 .debug_line    0x00001c10      0x200 .\CortexM3\ARM_GCC_493\Debug\exercise16.o
 .debug_line    0x00001e10      0x1e2 .\CortexM3\ARM_GCC_493\Debug\exercise17.o
 .debug_line    0x00001ff2      0x2ce .\CortexM3\ARM_GCC_493\Debug\exercise18.o
 .debug_line    0x000022c0      0x2d5 .\CortexM3\ARM_GCC_493\Debug\exercise19.o
 .debug_line    0x00002595      0x300 .\CortexM3\ARM_GCC_493\Debug\exercise20.o
 .debug_line    0x00002895      0x33f .\CortexM3\ARM_GCC_493\Debug\exercise21.o
 .debug_line    0x00002bd4      0x29a .\CortexM3\ARM_GCC_493\Debug\common_functions.o
 .debug_line    0x00002e6e       0x51 .\CortexM3\ARM_GCC_493\Debug\cymetadata.o
 .debug_line    0x00002ebf      0x24f .\CortexM3\ARM_GCC_493\Debug\Cm3Start.o
 .debug_line    0x0000310e      0x1f7 .\CortexM3\ARM_GCC_493\Debug\Hello Word.a(cyfitter_cfg.o)
 .debug_line    0x00003305      0x2c0 .\CortexM3\ARM_GCC_493\Debug\Hello Word.a(UART_1.o)
 .debug_line    0x000035c5      0x17e .\CortexM3\ARM_GCC_493\Debug\Hello Word.a(UART_1_IntClock.o)
 .debug_line    0x00003743      0x816 .\CortexM3\ARM_GCC_493\Debug\Hello Word.a(CyLib.o)
 .debug_line    0x00003f59      0x364 .\CortexM3\ARM_GCC_493\Debug\Hello Word.a(cyPm.o)
 .debug_line    0x000042bd       0x66 .\CortexM3\ARM_GCC_493\Debug\Hello Word.a(CyBootAsmGnu.o)
 .debug_line    0x00004323      0x1ea .\CortexM3\ARM_GCC_493\Debug\Hello Word.a(CyFlash.o)
 .debug_line    0x0000450d      0x23c .\CortexM3\ARM_GCC_493\Debug\Hello Word.a(CySpc.o)

.debug_frame    0x00000000     0x3230
 *(.debug_frame)
 .debug_frame   0x00000000       0x7c .\CortexM3\ARM_GCC_493\Debug\main.o
 .debug_frame   0x0000007c       0x38 .\CortexM3\ARM_GCC_493\Debug\exercise1.o
 .debug_frame   0x000000b4       0x2c .\CortexM3\ARM_GCC_493\Debug\exercise2.o
 .debug_frame   0x000000e0       0x30 .\CortexM3\ARM_GCC_493\Debug\exercise3.o
 .debug_frame   0x00000110       0x34 .\CortexM3\ARM_GCC_493\Debug\exercise4.o
 .debug_frame   0x00000144       0x30 .\CortexM3\ARM_GCC_493\Debug\exercise5.o
 .debug_frame   0x00000174       0x30 .\CortexM3\ARM_GCC_493\Debug\exercise6.o